[2023-06-26T23:26:15.110-0500][0.010s] Using G1
[2023-06-26T23:26:15.205-0500][0.105s] Version: 17.0.7+8-LTS-224 (release)
[2023-06-26T23:26:15.205-0500][0.105s] CPUs: 12 total, 12 available
[2023-06-26T23:26:15.205-0500][0.105s] Memory: 16281M
[2023-06-26T23:26:15.205-0500][0.105s] Large Page Support: Disabled
[2023-06-26T23:26:15.205-0500][0.105s] NUMA Support: Disabled
[2023-06-26T23:26:15.205-0500][0.105s] Compressed Oops: Enabled (32-bit)
[2023-06-26T23:26:15.205-0500][0.105s] Heap Region Size: 1M
[2023-06-26T23:26:15.205-0500][0.105s] Heap Min Capacity: 512M
[2023-06-26T23:26:15.205-0500][0.105s] Heap Initial Capacity: 512M
[2023-06-26T23:26:15.205-0500][0.105s] Heap Max Capacity: 512M
[2023-06-26T23:26:15.205-0500][0.105s] Pre-touch: Enabled
[2023-06-26T23:26:15.206-0500][0.106s] Parallel Workers: 10
[2023-06-26T23:26:15.206-0500][0.106s] Concurrent Workers: 3
[2023-06-26T23:26:15.206-0500][0.106s] Concurrent Refinement Workers: 10
[2023-06-26T23:26:15.206-0500][0.106s] Periodic GC: Disabled
[2023-06-26T23:26:15.206-0500][0.107s] CDS archive(s) mapped at: [0x0000000800000000-0x0000000800bd0000-0x0000000800bd0000), size 12386304, SharedBaseAddress: 0x0000000800000000, ArchiveRelocationMode: 0.
[2023-06-26T23:26:15.206-0500][0.107s] Compressed class space mapped at: 0x0000000800c00000-0x0000000840c00000, reserved size: 1073741824
[2023-06-26T23:26:15.206-0500][0.107s] Narrow klass base: 0x0000000800000000, Narrow klass shift: 0, Narrow klass range: 0x100000000
[2023-06-26T23:26:15.664-0500][0.564s] GC(0) Pause Young (Normal) (G1 Evacuation Pause)
[2023-06-26T23:26:15.665-0500][0.565s] GC(0) Using 10 workers of 10 for evacuation
[2023-06-26T23:26:15.666-0500][0.567s] GC(0)   Pre Evacuate Collection Set: 0.0ms
[2023-06-26T23:26:15.666-0500][0.567s] GC(0)   Merge Heap Roots: 0.0ms
[2023-06-26T23:26:15.666-0500][0.567s] GC(0)   Evacuate Collection Set: 1.4ms
[2023-06-26T23:26:15.666-0500][0.567s] GC(0)   Post Evacuate Collection Set: 0.3ms
[2023-06-26T23:26:15.666-0500][0.567s] GC(0)   Other: 0.4ms
[2023-06-26T23:26:15.666-0500][0.567s] GC(0) Eden regions: 29->0(43)
[2023-06-26T23:26:15.666-0500][0.567s] GC(0) Survivor regions: 0->4(4)
[2023-06-26T23:26:15.666-0500][0.567s] GC(0) Old regions: 0->0
[2023-06-26T23:26:15.666-0500][0.567s] GC(0) Archive regions: 0->0
[2023-06-26T23:26:15.667-0500][0.567s] GC(0) Humongous regions: 0->0
[2023-06-26T23:26:15.667-0500][0.567s] GC(0) Metaspace: 5445K(5696K)->5445K(5696K) NonClass: 4856K(4992K)->4856K(4992K) Class: 588K(704K)->588K(704K)
[2023-06-26T23:26:15.667-0500][0.567s] GC(0) Pause Young (Normal) (G1 Evacuation Pause) 29M->3M(512M) 2.209ms
[2023-06-26T23:26:15.667-0500][0.567s] GC(0) User=0.00s Sys=0.00s Real=0.00s
[2023-06-26T23:26:16.208-0500][1.107s] GC(1) Pause Young (Normal) (GCLocker Initiated GC)
[2023-06-26T23:26:16.208-0500][1.107s] GC(1) Using 10 workers of 10 for evacuation
[2023-06-26T23:26:16.212-0500][1.112s] GC(1)   Pre Evacuate Collection Set: 0.1ms
[2023-06-26T23:26:16.212-0500][1.112s] GC(1)   Merge Heap Roots: 0.1ms
[2023-06-26T23:26:16.212-0500][1.112s] GC(1)   Evacuate Collection Set: 4.4ms
[2023-06-26T23:26:16.212-0500][1.112s] GC(1)   Post Evacuate Collection Set: 0.5ms
[2023-06-26T23:26:16.212-0500][1.113s] GC(1)   Other: 0.1ms
[2023-06-26T23:26:16.212-0500][1.113s] GC(1) Eden regions: 43->0(301)
[2023-06-26T23:26:16.212-0500][1.113s] GC(1) Survivor regions: 4->6(6)
[2023-06-26T23:26:16.212-0500][1.113s] GC(1) Old regions: 0->8
[2023-06-26T23:26:16.212-0500][1.113s] GC(1) Archive regions: 0->0
[2023-06-26T23:26:16.212-0500][1.113s] GC(1) Humongous regions: 4->4
[2023-06-26T23:26:16.212-0500][1.113s] GC(1) Metaspace: 16806K(17088K)->16806K(17088K) NonClass: 14856K(14976K)->14856K(14976K) Class: 1949K(2112K)->1949K(2112K)
[2023-06-26T23:26:16.212-0500][1.113s] GC(1) Pause Young (Normal) (GCLocker Initiated GC) 50M->17M(512M) 5.177ms
[2023-06-26T23:26:16.212-0500][1.113s] GC(1) User=0.14s Sys=0.00s Real=0.00s
[2023-06-26T23:26:16.773-0500][1.673s] GC(2) Pause Young (Normal) (G1 Evacuation Pause)
[2023-06-26T23:26:16.773-0500][1.673s] GC(2) Using 10 workers of 10 for evacuation
[2023-06-26T23:26:16.776-0500][1.676s] GC(2)   Pre Evacuate Collection Set: 0.1ms
[2023-06-26T23:26:16.776-0500][1.676s] GC(2)   Merge Heap Roots: 0.1ms
[2023-06-26T23:26:16.776-0500][1.676s] GC(2)   Evacuate Collection Set: 2.3ms
[2023-06-26T23:26:16.776-0500][1.676s] GC(2)   Post Evacuate Collection Set: 0.3ms
[2023-06-26T23:26:16.776-0500][1.676s] GC(2)   Other: 0.2ms
[2023-06-26T23:26:16.776-0500][1.676s] GC(2) Eden regions: 301->0(295)
[2023-06-26T23:26:16.776-0500][1.676s] GC(2) Survivor regions: 6->12(39)
[2023-06-26T23:26:16.776-0500][1.676s] GC(2) Old regions: 8->8
[2023-06-26T23:26:16.776-0500][1.676s] GC(2) Archive regions: 0->0
[2023-06-26T23:26:16.776-0500][1.676s] GC(2) Humongous regions: 4->4
[2023-06-26T23:26:16.776-0500][1.676s] GC(2) Metaspace: 18596K(18880K)->18596K(18880K) NonClass: 16442K(16576K)->16442K(16576K) Class: 2153K(2304K)->2153K(2304K)
[2023-06-26T23:26:16.776-0500][1.676s] GC(2) Pause Young (Normal) (G1 Evacuation Pause) 318M->22M(512M) 3.022ms
[2023-06-26T23:26:16.776-0500][1.676s] GC(2) User=0.03s Sys=0.02s Real=0.00s
[2023-06-26T23:26:16.925-0500][1.825s] GC(3) Pause Young (Concurrent Start) (Metadata GC Threshold)
[2023-06-26T23:26:16.925-0500][1.825s] GC(3) Using 10 workers of 10 for evacuation
[2023-06-26T23:26:16.928-0500][1.828s] GC(3)   Pre Evacuate Collection Set: 0.1ms
[2023-06-26T23:26:16.928-0500][1.828s] GC(3)   Merge Heap Roots: 0.1ms
[2023-06-26T23:26:16.928-0500][1.828s] GC(3)   Evacuate Collection Set: 2.1ms
[2023-06-26T23:26:16.928-0500][1.828s] GC(3)   Post Evacuate Collection Set: 0.5ms
[2023-06-26T23:26:16.928-0500][1.828s] GC(3)   Other: 0.1ms
[2023-06-26T23:26:16.928-0500][1.828s] GC(3) Eden regions: 36->0(294)
[2023-06-26T23:26:16.928-0500][1.828s] GC(3) Survivor regions: 12->13(39)
[2023-06-26T23:26:16.928-0500][1.828s] GC(3) Old regions: 8->8
[2023-06-26T23:26:16.928-0500][1.828s] GC(3) Archive regions: 0->0
[2023-06-26T23:26:16.928-0500][1.828s] GC(3) Humongous regions: 4->4
[2023-06-26T23:26:16.928-0500][1.828s] GC(3) Metaspace: 21210K(21504K)->21210K(21504K) NonClass: 18755K(18880K)->18755K(18880K) Class: 2455K(2624K)->2455K(2624K)
[2023-06-26T23:26:16.928-0500][1.828s] GC(3) Pause Young (Concurrent Start) (Metadata GC Threshold) 58M->23M(512M) 2.957ms
[2023-06-26T23:26:16.928-0500][1.828s] GC(3) User=0.00s Sys=0.00s Real=0.00s
[2023-06-26T23:26:16.928-0500][1.828s] GC(4) Concurrent Mark Cycle
[2023-06-26T23:26:16.928-0500][1.828s] GC(4) Concurrent Clear Claimed Marks
[2023-06-26T23:26:16.928-0500][1.828s] GC(4) Concurrent Clear Claimed Marks 0.020ms
[2023-06-26T23:26:16.928-0500][1.828s] GC(4) Concurrent Scan Root Regions
[2023-06-26T23:26:16.930-0500][1.829s] GC(4) Concurrent Scan Root Regions 1.373ms
[2023-06-26T23:26:16.930-0500][1.829s] GC(4) Concurrent Mark
[2023-06-26T23:26:16.930-0500][1.829s] GC(4) Concurrent Mark From Roots
[2023-06-26T23:26:16.930-0500][1.829s] GC(4) Using 3 workers of 3 for marking
[2023-06-26T23:26:16.934-0500][1.833s] GC(4) Concurrent Mark From Roots 3.929ms
[2023-06-26T23:26:16.934-0500][1.833s] GC(4) Concurrent Preclean
[2023-06-26T23:26:16.934-0500][1.833s] GC(4) Concurrent Preclean 0.068ms
[2023-06-26T23:26:16.934-0500][1.833s] GC(4) Pause Remark
[2023-06-26T23:26:16.935-0500][1.834s] GC(4) Pause Remark 24M->24M(512M) 0.905ms
[2023-06-26T23:26:16.935-0500][1.834s] GC(4) User=0.00s Sys=0.00s Real=0.00s
[2023-06-26T23:26:16.935-0500][1.834s] GC(4) Concurrent Mark 5.105ms
[2023-06-26T23:26:16.935-0500][1.834s] GC(4) Concurrent Rebuild Remembered Sets
[2023-06-26T23:26:16.937-0500][1.837s] GC(4) Concurrent Rebuild Remembered Sets 2.205ms
[2023-06-26T23:26:16.937-0500][1.837s] GC(4) Pause Cleanup
[2023-06-26T23:26:16.937-0500][1.837s] GC(4) Pause Cleanup 25M->25M(512M) 0.093ms
[2023-06-26T23:26:16.937-0500][1.837s] GC(4) User=0.00s Sys=0.00s Real=0.00s
[2023-06-26T23:26:16.937-0500][1.837s] GC(4) Concurrent Cleanup for Next Mark
[2023-06-26T23:26:16.938-0500][1.837s] GC(4) Concurrent Cleanup for Next Mark 0.636ms
[2023-06-26T23:26:16.938-0500][1.837s] GC(4) Concurrent Mark Cycle 9.786ms
[2023-06-26T23:26:17.816-0500][2.716s] GC(5) Pause Young (Concurrent Start) (Metadata GC Threshold)
[2023-06-26T23:26:17.816-0500][2.716s] GC(5) Using 10 workers of 10 for evacuation
[2023-06-26T23:26:17.821-0500][2.721s] GC(5)   Pre Evacuate Collection Set: 0.1ms
[2023-06-26T23:26:17.821-0500][2.721s] GC(5)   Merge Heap Roots: 0.0ms
[2023-06-26T23:26:17.821-0500][2.721s] GC(5)   Evacuate Collection Set: 4.6ms
[2023-06-26T23:26:17.821-0500][2.721s] GC(5)   Post Evacuate Collection Set: 0.3ms
[2023-06-26T23:26:17.821-0500][2.721s] GC(5)   Other: 0.1ms
[2023-06-26T23:26:17.821-0500][2.721s] GC(5) Eden regions: 151->0(288)
[2023-06-26T23:26:17.821-0500][2.721s] GC(5) Survivor regions: 13->19(39)
[2023-06-26T23:26:17.821-0500][2.721s] GC(5) Old regions: 8->8
[2023-06-26T23:26:17.821-0500][2.721s] GC(5) Archive regions: 0->0
[2023-06-26T23:26:17.821-0500][2.721s] GC(5) Humongous regions: 5->4
[2023-06-26T23:26:17.821-0500][2.721s] GC(5) Metaspace: 35769K(36096K)->35769K(36096K) NonClass: 31517K(31680K)->31517K(31680K) Class: 4251K(4416K)->4251K(4416K)
[2023-06-26T23:26:17.821-0500][2.721s] GC(5) Pause Young (Concurrent Start) (Metadata GC Threshold) 175M->30M(512M) 5.270ms
[2023-06-26T23:26:17.821-0500][2.721s] GC(5) User=0.17s Sys=0.00s Real=0.01s
[2023-06-26T23:26:17.821-0500][2.721s] GC(6) Concurrent Mark Cycle
[2023-06-26T23:26:17.821-0500][2.721s] GC(6) Concurrent Clear Claimed Marks
[2023-06-26T23:26:17.821-0500][2.721s] GC(6) Concurrent Clear Claimed Marks 0.032ms
[2023-06-26T23:26:17.821-0500][2.721s] GC(6) Concurrent Scan Root Regions
[2023-06-26T23:26:17.824-0500][2.724s] GC(6) Concurrent Scan Root Regions 2.572ms
[2023-06-26T23:26:17.824-0500][2.724s] GC(6) Concurrent Mark
[2023-06-26T23:26:17.824-0500][2.724s] GC(6) Concurrent Mark From Roots
[2023-06-26T23:26:17.824-0500][2.724s] GC(6) Using 3 workers of 3 for marking
[2023-06-26T23:26:17.828-0500][2.728s] GC(6) Concurrent Mark From Roots 4.175ms
[2023-06-26T23:26:17.828-0500][2.728s] GC(6) Concurrent Preclean
[2023-06-26T23:26:17.828-0500][2.728s] GC(6) Concurrent Preclean 0.099ms
[2023-06-26T23:26:17.828-0500][2.728s] GC(6) Pause Remark
[2023-06-26T23:26:17.829-0500][2.729s] GC(6) Pause Remark 31M->31M(512M) 0.922ms
[2023-06-26T23:26:17.829-0500][2.729s] GC(6) User=0.00s Sys=0.00s Real=0.00s
[2023-06-26T23:26:17.829-0500][2.729s] GC(6) Concurrent Mark 5.380ms
[2023-06-26T23:26:17.829-0500][2.729s] GC(6) Concurrent Rebuild Remembered Sets
[2023-06-26T23:26:17.831-0500][2.731s] GC(6) Concurrent Rebuild Remembered Sets 2.156ms
[2023-06-26T23:26:17.831-0500][2.731s] GC(6) Pause Cleanup
[2023-06-26T23:26:17.831-0500][2.731s] GC(6) Pause Cleanup 32M->32M(512M) 0.054ms
[2023-06-26T23:26:17.831-0500][2.732s] GC(6) User=0.00s Sys=0.00s Real=0.00s
[2023-06-26T23:26:17.831-0500][2.732s] GC(6) Concurrent Cleanup for Next Mark
[2023-06-26T23:26:17.832-0500][2.732s] GC(6) Concurrent Cleanup for Next Mark 0.724ms
[2023-06-26T23:26:17.832-0500][2.732s] GC(6) Concurrent Mark Cycle 11.193ms
[2023-06-26T23:32:44.554-0500][389.454s] GC(7) Pause Young (Normal) (G1 Evacuation Pause)
[2023-06-26T23:32:44.554-0500][389.454s] GC(7) Using 10 workers of 10 for evacuation
[2023-06-26T23:32:44.565-0500][389.464s] GC(7)   Pre Evacuate Collection Set: 0.1ms
[2023-06-26T23:32:44.565-0500][389.464s] GC(7)   Merge Heap Roots: 0.1ms
[2023-06-26T23:32:44.565-0500][389.464s] GC(7)   Evacuate Collection Set: 9.3ms
[2023-06-26T23:32:44.565-0500][389.464s] GC(7)   Post Evacuate Collection Set: 0.6ms
[2023-06-26T23:32:44.565-0500][389.464s] GC(7)   Other: 0.1ms
[2023-06-26T23:32:44.565-0500][389.464s] GC(7) Eden regions: 288->0(278)
[2023-06-26T23:32:44.565-0500][389.464s] GC(7) Survivor regions: 19->29(39)
[2023-06-26T23:32:44.565-0500][389.464s] GC(7) Old regions: 8->8
[2023-06-26T23:32:44.565-0500][389.464s] GC(7) Archive regions: 0->0
[2023-06-26T23:32:44.565-0500][389.464s] GC(7) Humongous regions: 4->4
[2023-06-26T23:32:44.565-0500][389.464s] GC(7) Metaspace: 52447K(52928K)->52447K(52928K) NonClass: 45926K(46144K)->45926K(46144K) Class: 6521K(6784K)->6521K(6784K)
[2023-06-26T23:32:44.565-0500][389.464s] GC(7) Pause Young (Normal) (G1 Evacuation Pause) 318M->40M(512M) 10.361ms
[2023-06-26T23:32:44.565-0500][389.464s] GC(7) User=0.02s Sys=0.00s Real=0.01s
[2023-06-26T23:32:44.802-0500][389.702s] GC(8) Pause Young (Normal) (G1 Evacuation Pause)
[2023-06-26T23:32:44.802-0500][389.702s] GC(8) Using 10 workers of 10 for evacuation
[2023-06-26T23:32:44.808-0500][389.709s] GC(8)   Pre Evacuate Collection Set: 0.1ms
[2023-06-26T23:32:44.808-0500][389.709s] GC(8)   Merge Heap Roots: 0.1ms
[2023-06-26T23:32:44.808-0500][389.709s] GC(8)   Evacuate Collection Set: 6.2ms
[2023-06-26T23:32:44.808-0500][389.709s] GC(8)   Post Evacuate Collection Set: 0.6ms
[2023-06-26T23:32:44.808-0500][389.709s] GC(8)   Other: 0.1ms
[2023-06-26T23:32:44.808-0500][389.709s] GC(8) Eden regions: 278->0(286)
[2023-06-26T23:32:44.808-0500][389.709s] GC(8) Survivor regions: 29->21(39)
[2023-06-26T23:32:44.808-0500][389.709s] GC(8) Old regions: 8->19
[2023-06-26T23:32:44.808-0500][389.709s] GC(8) Archive regions: 0->0
[2023-06-26T23:32:44.808-0500][389.709s] GC(8) Humongous regions: 4->4
[2023-06-26T23:32:44.808-0500][389.709s] GC(8) Metaspace: 52640K(53120K)->52640K(53120K) NonClass: 46118K(46336K)->46118K(46336K) Class: 6521K(6784K)->6521K(6784K)
[2023-06-26T23:32:44.808-0500][389.709s] GC(8) Pause Young (Normal) (G1 Evacuation Pause) 318M->42M(512M) 7.163ms
[2023-06-26T23:32:44.808-0500][389.709s] GC(8) User=0.12s Sys=0.00s Real=0.01s
[2023-06-26T23:38:49.999-0500][754.899s] GC(9) Pause Young (Normal) (G1 Evacuation Pause)
[2023-06-26T23:38:50.000-0500][754.899s] GC(9) Using 10 workers of 10 for evacuation
[2023-06-26T23:38:50.007-0500][754.907s] GC(9)   Pre Evacuate Collection Set: 0.1ms
[2023-06-26T23:38:50.007-0500][754.907s] GC(9)   Merge Heap Roots: 0.1ms
[2023-06-26T23:38:50.007-0500][754.907s] GC(9)   Evacuate Collection Set: 6.4ms
[2023-06-26T23:38:50.007-0500][754.907s] GC(9)   Post Evacuate Collection Set: 0.9ms
[2023-06-26T23:38:50.007-0500][754.907s] GC(9)   Other: 0.2ms
[2023-06-26T23:38:50.007-0500][754.907s] GC(9) Eden regions: 286->0(277)
[2023-06-26T23:38:50.007-0500][754.907s] GC(9) Survivor regions: 21->30(39)
[2023-06-26T23:38:50.007-0500][754.907s] GC(9) Old regions: 19->19
[2023-06-26T23:38:50.007-0500][754.907s] GC(9) Archive regions: 0->0
[2023-06-26T23:38:50.007-0500][754.907s] GC(9) Humongous regions: 5->4
[2023-06-26T23:38:50.007-0500][754.907s] GC(9) Metaspace: 55282K(55808K)->55282K(55808K) NonClass: 48487K(48768K)->48487K(48768K) Class: 6795K(7040K)->6795K(7040K)
[2023-06-26T23:38:50.007-0500][754.907s] GC(9) Pause Young (Normal) (G1 Evacuation Pause) 329M->51M(512M) 7.844ms
[2023-06-26T23:38:50.007-0500][754.907s] GC(9) User=0.00s Sys=0.00s Real=0.01s
