[2023-05-17T13:20:12.285-0500][0.010s] Using G1
[2023-05-17T13:20:12.388-0500][0.114s] Version: 17.0.7+8-LTS-224 (release)
[2023-05-17T13:20:12.388-0500][0.114s] CPUs: 8 total, 8 available
[2023-05-17T13:20:12.388-0500][0.114s] Memory: 16328M
[2023-05-17T13:20:12.388-0500][0.114s] Large Page Support: Disabled
[2023-05-17T13:20:12.388-0500][0.114s] NUMA Support: Disabled
[2023-05-17T13:20:12.388-0500][0.114s] Compressed Oops: Enabled (32-bit)
[2023-05-17T13:20:12.388-0500][0.114s] Heap Region Size: 1M
[2023-05-17T13:20:12.388-0500][0.114s] Heap Min Capacity: 512M
[2023-05-17T13:20:12.388-0500][0.114s] Heap Initial Capacity: 512M
[2023-05-17T13:20:12.388-0500][0.114s] Heap Max Capacity: 512M
[2023-05-17T13:20:12.388-0500][0.114s] Pre-touch: Enabled
[2023-05-17T13:20:12.389-0500][0.115s] Parallel Workers: 8
[2023-05-17T13:20:12.389-0500][0.115s] Concurrent Workers: 2
[2023-05-17T13:20:12.389-0500][0.115s] Concurrent Refinement Workers: 8
[2023-05-17T13:20:12.389-0500][0.115s] Periodic GC: Disabled
[2023-05-17T13:20:12.389-0500][0.116s] CDS archive(s) mapped at: [0x0000000800000000-0x0000000800bd0000-0x0000000800bd0000), size 12386304, SharedBaseAddress: 0x0000000800000000, ArchiveRelocationMode: 0.
[2023-05-17T13:20:12.389-0500][0.116s] Compressed class space mapped at: 0x0000000800c00000-0x0000000840c00000, reserved size: 1073741824
[2023-05-17T13:20:12.389-0500][0.116s] Narrow klass base: 0x0000000800000000, Narrow klass shift: 0, Narrow klass range: 0x100000000
[2023-05-17T13:20:13.095-0500][0.821s] GC(0) Pause Young (Normal) (G1 Evacuation Pause)
[2023-05-17T13:20:13.095-0500][0.821s] GC(0) Using 8 workers of 8 for evacuation
[2023-05-17T13:20:13.102-0500][0.828s] GC(0)   Pre Evacuate Collection Set: 0.1ms
[2023-05-17T13:20:13.103-0500][0.828s] GC(0)   Merge Heap Roots: 0.0ms
[2023-05-17T13:20:13.103-0500][0.828s] GC(0)   Evacuate Collection Set: 6.4ms
[2023-05-17T13:20:13.103-0500][0.828s] GC(0)   Post Evacuate Collection Set: 0.5ms
[2023-05-17T13:20:13.103-0500][0.828s] GC(0)   Other: 0.5ms
[2023-05-17T13:20:13.103-0500][0.828s] GC(0) Eden regions: 29->0(41)
[2023-05-17T13:20:13.103-0500][0.829s] GC(0) Survivor regions: 0->4(4)
[2023-05-17T13:20:13.103-0500][0.829s] GC(0) Old regions: 0->1
[2023-05-17T13:20:13.103-0500][0.829s] GC(0) Archive regions: 0->0
[2023-05-17T13:20:13.103-0500][0.829s] GC(0) Humongous regions: 0->0
[2023-05-17T13:20:13.103-0500][0.829s] GC(0) Metaspace: 8767K(9088K)->8767K(9088K) NonClass: 7748K(7936K)->7748K(7936K) Class: 1018K(1152K)->1018K(1152K)
[2023-05-17T13:20:13.103-0500][0.829s] GC(0) Pause Young (Normal) (G1 Evacuation Pause) 29M->4M(512M) 7.769ms
[2023-05-17T13:20:13.103-0500][0.829s] GC(0) User=0.03s Sys=0.02s Real=0.01s
[2023-05-17T13:20:13.624-0500][1.350s] GC(1) Pause Young (Normal) (G1 Evacuation Pause)
[2023-05-17T13:20:13.624-0500][1.350s] GC(1) Using 8 workers of 8 for evacuation
[2023-05-17T13:20:13.631-0500][1.358s] GC(1)   Pre Evacuate Collection Set: 0.1ms
[2023-05-17T13:20:13.631-0500][1.358s] GC(1)   Merge Heap Roots: 0.1ms
[2023-05-17T13:20:13.631-0500][1.358s] GC(1)   Evacuate Collection Set: 6.2ms
[2023-05-17T13:20:13.631-0500][1.358s] GC(1)   Post Evacuate Collection Set: 0.6ms
[2023-05-17T13:20:13.631-0500][1.358s] GC(1)   Other: 0.1ms
[2023-05-17T13:20:13.631-0500][1.358s] GC(1) Eden regions: 41->0(77)
[2023-05-17T13:20:13.631-0500][1.358s] GC(1) Survivor regions: 4->6(6)
[2023-05-17T13:20:13.631-0500][1.358s] GC(1) Old regions: 1->9
[2023-05-17T13:20:13.631-0500][1.358s] GC(1) Archive regions: 0->0
[2023-05-17T13:20:13.631-0500][1.358s] GC(1) Humongous regions: 4->4
[2023-05-17T13:20:13.631-0500][1.358s] GC(1) Metaspace: 18209K(18496K)->18209K(18496K) NonClass: 16074K(16192K)->16074K(16192K) Class: 2135K(2304K)->2135K(2304K)
[2023-05-17T13:20:13.631-0500][1.358s] GC(1) Pause Young (Normal) (G1 Evacuation Pause) 49M->18M(512M) 7.258ms
[2023-05-17T13:20:13.631-0500][1.358s] GC(1) User=0.00s Sys=0.00s Real=0.01s
[2023-05-17T13:20:14.011-0500][1.737s] GC(2) Pause Young (Normal) (G1 Evacuation Pause)
[2023-05-17T13:20:14.011-0500][1.737s] GC(2) Using 8 workers of 8 for evacuation
[2023-05-17T13:20:14.014-0500][1.740s] GC(2)   Pre Evacuate Collection Set: 0.1ms
[2023-05-17T13:20:14.014-0500][1.740s] GC(2)   Merge Heap Roots: 0.1ms
[2023-05-17T13:20:14.014-0500][1.740s] GC(2)   Evacuate Collection Set: 2.5ms
[2023-05-17T13:20:14.014-0500][1.740s] GC(2)   Post Evacuate Collection Set: 0.3ms
[2023-05-17T13:20:14.014-0500][1.740s] GC(2)   Other: 0.2ms
[2023-05-17T13:20:14.014-0500][1.740s] GC(2) Eden regions: 73->0(302)
[2023-05-17T13:20:14.014-0500][1.740s] GC(2) Survivor regions: 6->5(10)
[2023-05-17T13:20:14.014-0500][1.740s] GC(2) Old regions: 9->15
[2023-05-17T13:20:14.014-0500][1.740s] GC(2) Archive regions: 0->0
[2023-05-17T13:20:14.014-0500][1.740s] GC(2) Humongous regions: 4->4
[2023-05-17T13:20:14.014-0500][1.740s] GC(2) Metaspace: 18411K(18752K)->18411K(18752K) NonClass: 16273K(16448K)->16273K(16448K) Class: 2138K(2304K)->2138K(2304K)
[2023-05-17T13:20:14.014-0500][1.740s] GC(2) Pause Young (Normal) (G1 Evacuation Pause) 91M->23M(512M) 3.348ms
[2023-05-17T13:20:14.014-0500][1.740s] GC(2) User=0.00s Sys=0.00s Real=0.00s
[2023-05-17T13:20:14.256-0500][1.983s] GC(3) Pause Young (Concurrent Start) (Metadata GC Threshold)
[2023-05-17T13:20:14.256-0500][1.983s] GC(3) Using 8 workers of 8 for evacuation
[2023-05-17T13:20:14.259-0500][1.985s] GC(3)   Pre Evacuate Collection Set: 0.1ms
[2023-05-17T13:20:14.259-0500][1.985s] GC(3)   Merge Heap Roots: 0.1ms
[2023-05-17T13:20:14.259-0500][1.985s] GC(3)   Evacuate Collection Set: 1.3ms
[2023-05-17T13:20:14.259-0500][1.985s] GC(3)   Post Evacuate Collection Set: 0.5ms
[2023-05-17T13:20:14.259-0500][1.985s] GC(3)   Other: 0.1ms
[2023-05-17T13:20:14.259-0500][1.985s] GC(3) Eden regions: 30->0(302)
[2023-05-17T13:20:14.259-0500][1.985s] GC(3) Survivor regions: 5->5(39)
[2023-05-17T13:20:14.259-0500][1.985s] GC(3) Old regions: 15->15
[2023-05-17T13:20:14.259-0500][1.985s] GC(3) Archive regions: 0->0
[2023-05-17T13:20:14.259-0500][1.985s] GC(3) Humongous regions: 4->4
[2023-05-17T13:20:14.259-0500][1.985s] GC(3) Metaspace: 21178K(21504K)->21178K(21504K) NonClass: 18723K(18880K)->18723K(18880K) Class: 2455K(2624K)->2455K(2624K)
[2023-05-17T13:20:14.259-0500][1.985s] GC(3) Pause Young (Concurrent Start) (Metadata GC Threshold) 53M->23M(512M) 2.281ms
[2023-05-17T13:20:14.259-0500][1.985s] GC(3) User=0.03s Sys=0.00s Real=0.00s
[2023-05-17T13:20:14.259-0500][1.985s] GC(4) Concurrent Mark Cycle
[2023-05-17T13:20:14.259-0500][1.985s] GC(4) Concurrent Clear Claimed Marks
[2023-05-17T13:20:14.259-0500][1.985s] GC(4) Concurrent Clear Claimed Marks 0.026ms
[2023-05-17T13:20:14.259-0500][1.985s] GC(4) Concurrent Scan Root Regions
[2023-05-17T13:20:14.260-0500][1.986s] GC(4) Concurrent Scan Root Regions 0.846ms
[2023-05-17T13:20:14.260-0500][1.986s] GC(4) Concurrent Mark
[2023-05-17T13:20:14.260-0500][1.986s] GC(4) Concurrent Mark From Roots
[2023-05-17T13:20:14.260-0500][1.986s] GC(4) Using 2 workers of 2 for marking
[2023-05-17T13:20:14.269-0500][1.996s] GC(4) Concurrent Mark From Roots 9.388ms
[2023-05-17T13:20:14.269-0500][1.996s] GC(4) Concurrent Preclean
[2023-05-17T13:20:14.269-0500][1.996s] GC(4) Concurrent Preclean 0.057ms
[2023-05-17T13:20:14.269-0500][1.996s] GC(4) Pause Remark
[2023-05-17T13:20:14.272-0500][1.998s] GC(4) Pause Remark 25M->25M(512M) 1.795ms
[2023-05-17T13:20:14.272-0500][1.998s] GC(4) User=0.00s Sys=0.00s Real=0.00s
[2023-05-17T13:20:14.272-0500][1.998s] GC(4) Concurrent Mark 11.577ms
[2023-05-17T13:20:14.272-0500][1.998s] GC(4) Concurrent Rebuild Remembered Sets
[2023-05-17T13:20:14.276-0500][2.002s] GC(4) Concurrent Rebuild Remembered Sets 3.989ms
[2023-05-17T13:20:14.276-0500][2.002s] GC(4) Pause Cleanup
[2023-05-17T13:20:14.276-0500][2.002s] GC(4) Pause Cleanup 25M->25M(512M) 0.148ms
[2023-05-17T13:20:14.276-0500][2.002s] GC(4) User=0.00s Sys=0.00s Real=0.00s
[2023-05-17T13:20:14.276-0500][2.002s] GC(4) Concurrent Cleanup for Next Mark
[2023-05-17T13:20:14.278-0500][2.003s] GC(4) Concurrent Cleanup for Next Mark 1.217ms
[2023-05-17T13:20:14.278-0500][2.003s] GC(4) Concurrent Mark Cycle 18.216ms
[2023-05-17T13:20:15.240-0500][2.966s] GC(5) Pause Young (Concurrent Start) (Metadata GC Threshold)
[2023-05-17T13:20:15.240-0500][2.966s] GC(5) Using 8 workers of 8 for evacuation
[2023-05-17T13:20:15.245-0500][2.971s] GC(5)   Pre Evacuate Collection Set: 0.1ms
[2023-05-17T13:20:15.245-0500][2.971s] GC(5)   Merge Heap Roots: 0.1ms
[2023-05-17T13:20:15.245-0500][2.971s] GC(5)   Evacuate Collection Set: 4.1ms
[2023-05-17T13:20:15.245-0500][2.971s] GC(5)   Post Evacuate Collection Set: 0.7ms
[2023-05-17T13:20:15.245-0500][2.971s] GC(5)   Other: 0.2ms
[2023-05-17T13:20:15.245-0500][2.972s] GC(5) Eden regions: 97->0(296)
[2023-05-17T13:20:15.245-0500][2.972s] GC(5) Survivor regions: 5->11(39)
[2023-05-17T13:20:15.245-0500][2.972s] GC(5) Old regions: 15->15
[2023-05-17T13:20:15.245-0500][2.972s] GC(5) Archive regions: 0->0
[2023-05-17T13:20:15.245-0500][2.972s] GC(5) Humongous regions: 5->4
[2023-05-17T13:20:15.245-0500][2.972s] GC(5) Metaspace: 35828K(36160K)->35828K(36160K) NonClass: 31563K(31744K)->31563K(31744K) Class: 4264K(4416K)->4264K(4416K)
[2023-05-17T13:20:15.245-0500][2.972s] GC(5) Pause Young (Concurrent Start) (Metadata GC Threshold) 121M->29M(512M) 5.325ms
[2023-05-17T13:20:15.245-0500][2.972s] GC(5) User=0.12s Sys=0.00s Real=0.00s
[2023-05-17T13:20:15.245-0500][2.972s] GC(6) Concurrent Mark Cycle
[2023-05-17T13:20:15.245-0500][2.972s] GC(6) Concurrent Clear Claimed Marks
[2023-05-17T13:20:15.245-0500][2.972s] GC(6) Concurrent Clear Claimed Marks 0.024ms
[2023-05-17T13:20:15.245-0500][2.972s] GC(6) Concurrent Scan Root Regions
[2023-05-17T13:20:15.247-0500][2.974s] GC(6) Concurrent Scan Root Regions 1.998ms
[2023-05-17T13:20:15.248-0500][2.974s] GC(6) Concurrent Mark
[2023-05-17T13:20:15.248-0500][2.974s] GC(6) Concurrent Mark From Roots
[2023-05-17T13:20:15.248-0500][2.974s] GC(6) Using 2 workers of 2 for marking
[2023-05-17T13:20:15.257-0500][2.983s] GC(6) Concurrent Mark From Roots 9.199ms
[2023-05-17T13:20:15.257-0500][2.983s] GC(6) Concurrent Preclean
[2023-05-17T13:20:15.257-0500][2.983s] GC(6) Concurrent Preclean 0.059ms
[2023-05-17T13:20:15.257-0500][2.983s] GC(6) Pause Remark
[2023-05-17T13:20:15.258-0500][2.984s] GC(6) Pause Remark 31M->31M(512M) 1.190ms
[2023-05-17T13:20:15.258-0500][2.984s] GC(6) User=0.00s Sys=0.00s Real=0.00s
[2023-05-17T13:20:15.258-0500][2.985s] GC(6) Concurrent Mark 10.743ms
[2023-05-17T13:20:15.258-0500][2.985s] GC(6) Concurrent Rebuild Remembered Sets
[2023-05-17T13:20:15.262-0500][2.988s] GC(6) Concurrent Rebuild Remembered Sets 3.901ms
[2023-05-17T13:20:15.262-0500][2.989s] GC(6) Pause Cleanup
[2023-05-17T13:20:15.262-0500][2.989s] GC(6) Pause Cleanup 31M->31M(512M) 0.102ms
[2023-05-17T13:20:15.263-0500][2.989s] GC(6) User=0.00s Sys=0.00s Real=0.00s
[2023-05-17T13:20:15.263-0500][2.989s] GC(6) Concurrent Cleanup for Next Mark
[2023-05-17T13:20:15.264-0500][2.990s] GC(6) Concurrent Cleanup for Next Mark 1.035ms
[2023-05-17T13:20:15.264-0500][2.990s] GC(6) Concurrent Mark Cycle 18.209ms
[2023-05-17T14:01:48.246-0500][2495.913s] Heap
[2023-05-17T14:01:48.246-0500][2495.914s]  garbage-first heap   total 524288K, used 215559K [0x00000000e0000000, 0x0000000100000000)
[2023-05-17T14:01:48.246-0500][2495.914s]   region size 1024K, 192 young (196608K), 11 survivors (11264K)
[2023-05-17T14:01:48.246-0500][2495.914s]  Metaspace       used 53067K, committed 53632K, reserved 1097728K
[2023-05-17T14:01:48.246-0500][2495.914s]   class space    used 6597K, committed 6848K, reserved 1048576K
