[2023-06-14T00:15:42.694-0500][0.008s] Using G1
[2023-06-14T00:15:42.798-0500][0.111s] Version: 17.0.6+9-LTS-190 (release)
[2023-06-14T00:15:42.798-0500][0.112s] CPUs: 12 total, 12 available
[2023-06-14T00:15:42.798-0500][0.112s] Memory: 16172M
[2023-06-14T00:15:42.798-0500][0.112s] Large Page Support: Disabled
[2023-06-14T00:15:42.798-0500][0.112s] NUMA Support: Disabled
[2023-06-14T00:15:42.798-0500][0.112s] Compressed Oops: Enabled (32-bit)
[2023-06-14T00:15:42.798-0500][0.112s] Heap Region Size: 1M
[2023-06-14T00:15:42.798-0500][0.112s] Heap Min Capacity: 512M
[2023-06-14T00:15:42.798-0500][0.112s] Heap Initial Capacity: 512M
[2023-06-14T00:15:42.798-0500][0.112s] Heap Max Capacity: 512M
[2023-06-14T00:15:42.798-0500][0.112s] Pre-touch: Enabled
[2023-06-14T00:15:42.798-0500][0.112s] Parallel Workers: 10
[2023-06-14T00:15:42.798-0500][0.112s] Concurrent Workers: 3
[2023-06-14T00:15:42.798-0500][0.112s] Concurrent Refinement Workers: 10
[2023-06-14T00:15:42.799-0500][0.112s] Periodic GC: Disabled
[2023-06-14T00:15:42.799-0500][0.112s] CDS archive(s) mapped at: [0x0000000800000000-0x0000000800bd0000-0x0000000800bd0000), size 12386304, SharedBaseAddress: 0x0000000800000000, ArchiveRelocationMode: 0.
[2023-06-14T00:15:42.799-0500][0.112s] Compressed class space mapped at: 0x0000000800c00000-0x0000000840c00000, reserved size: 1073741824
[2023-06-14T00:15:42.799-0500][0.112s] Narrow klass base: 0x0000000800000000, Narrow klass shift: 0, Narrow klass range: 0x100000000
[2023-06-14T00:15:43.346-0500][0.660s] GC(0) Pause Young (Normal) (G1 Evacuation Pause)
[2023-06-14T00:15:43.347-0500][0.661s] GC(0) Using 10 workers of 10 for evacuation
[2023-06-14T00:15:43.350-0500][0.664s] GC(0)   Pre Evacuate Collection Set: 0.1ms
[2023-06-14T00:15:43.350-0500][0.664s] GC(0)   Merge Heap Roots: 0.0ms
[2023-06-14T00:15:43.350-0500][0.664s] GC(0)   Evacuate Collection Set: 2.4ms
[2023-06-14T00:15:43.350-0500][0.664s] GC(0)   Post Evacuate Collection Set: 0.4ms
[2023-06-14T00:15:43.350-0500][0.664s] GC(0)   Other: 0.5ms
[2023-06-14T00:15:43.350-0500][0.664s] GC(0) Eden regions: 29->0(41)
[2023-06-14T00:15:43.350-0500][0.664s] GC(0) Survivor regions: 0->4(4)
[2023-06-14T00:15:43.350-0500][0.664s] GC(0) Old regions: 0->1
[2023-06-14T00:15:43.350-0500][0.664s] GC(0) Archive regions: 0->0
[2023-06-14T00:15:43.350-0500][0.664s] GC(0) Humongous regions: 0->0
[2023-06-14T00:15:43.350-0500][0.664s] GC(0) Metaspace: 7966K(8192K)->7966K(8192K) NonClass: 7028K(7104K)->7028K(7104K) Class: 937K(1088K)->937K(1088K)
[2023-06-14T00:15:43.350-0500][0.664s] GC(0) Pause Young (Normal) (G1 Evacuation Pause) 29M->4M(512M) 3.514ms
[2023-06-14T00:15:43.350-0500][0.664s] GC(0) User=0.06s Sys=0.02s Real=0.00s
[2023-06-14T00:15:43.875-0500][1.190s] GC(1) Pause Young (Normal) (G1 Evacuation Pause)
[2023-06-14T00:15:43.875-0500][1.190s] GC(1) Using 10 workers of 10 for evacuation
[2023-06-14T00:15:43.880-0500][1.195s] GC(1)   Pre Evacuate Collection Set: 0.0ms
[2023-06-14T00:15:43.880-0500][1.195s] GC(1)   Merge Heap Roots: 0.0ms
[2023-06-14T00:15:43.880-0500][1.195s] GC(1)   Evacuate Collection Set: 4.5ms
[2023-06-14T00:15:43.880-0500][1.195s] GC(1)   Post Evacuate Collection Set: 0.3ms
[2023-06-14T00:15:43.880-0500][1.195s] GC(1)   Other: 0.1ms
[2023-06-14T00:15:43.881-0500][1.195s] GC(1) Eden regions: 41->0(73)
[2023-06-14T00:15:43.881-0500][1.195s] GC(1) Survivor regions: 4->6(6)
[2023-06-14T00:15:43.881-0500][1.195s] GC(1) Old regions: 1->9
[2023-06-14T00:15:43.881-0500][1.195s] GC(1) Archive regions: 0->0
[2023-06-14T00:15:43.881-0500][1.195s] GC(1) Humongous regions: 4->4
[2023-06-14T00:15:43.881-0500][1.195s] GC(1) Metaspace: 18183K(18496K)->18183K(18496K) NonClass: 16051K(16192K)->16051K(16192K) Class: 2131K(2304K)->2131K(2304K)
[2023-06-14T00:15:43.881-0500][1.195s] GC(1) Pause Young (Normal) (G1 Evacuation Pause) 49M->18M(512M) 5.122ms
[2023-06-14T00:15:43.881-0500][1.195s] GC(1) User=0.16s Sys=0.02s Real=0.01s
[2023-06-14T00:15:44.202-0500][1.516s] GC(2) Pause Young (Normal) (G1 Evacuation Pause)
[2023-06-14T00:15:44.203-0500][1.516s] GC(2) Using 10 workers of 10 for evacuation
[2023-06-14T00:15:44.205-0500][1.518s] GC(2)   Pre Evacuate Collection Set: 0.0ms
[2023-06-14T00:15:44.205-0500][1.518s] GC(2)   Merge Heap Roots: 0.0ms
[2023-06-14T00:15:44.205-0500][1.518s] GC(2)   Evacuate Collection Set: 1.8ms
[2023-06-14T00:15:44.205-0500][1.518s] GC(2)   Post Evacuate Collection Set: 0.3ms
[2023-06-14T00:15:44.205-0500][1.518s] GC(2)   Other: 0.1ms
[2023-06-14T00:15:44.205-0500][1.518s] GC(2) Eden regions: 70->0(302)
[2023-06-14T00:15:44.205-0500][1.518s] GC(2) Survivor regions: 6->5(10)
[2023-06-14T00:15:44.205-0500][1.518s] GC(2) Old regions: 9->15
[2023-06-14T00:15:44.205-0500][1.518s] GC(2) Archive regions: 0->0
[2023-06-14T00:15:44.205-0500][1.518s] GC(2) Humongous regions: 4->4
[2023-06-14T00:15:44.205-0500][1.518s] GC(2) Metaspace: 18384K(18688K)->18384K(18688K) NonClass: 16249K(16384K)->16249K(16384K) Class: 2134K(2304K)->2134K(2304K)
[2023-06-14T00:15:44.205-0500][1.518s] GC(2) Pause Young (Normal) (G1 Evacuation Pause) 88M->23M(512M) 2.397ms
[2023-06-14T00:15:44.205-0500][1.518s] GC(2) User=0.00s Sys=0.00s Real=0.00s
[2023-06-14T00:15:44.421-0500][1.735s] GC(3) Pause Young (Concurrent Start) (Metadata GC Threshold)
[2023-06-14T00:15:44.421-0500][1.735s] GC(3) Using 10 workers of 10 for evacuation
[2023-06-14T00:15:44.422-0500][1.736s] GC(3)   Pre Evacuate Collection Set: 0.1ms
[2023-06-14T00:15:44.422-0500][1.736s] GC(3)   Merge Heap Roots: 0.0ms
[2023-06-14T00:15:44.422-0500][1.736s] GC(3)   Evacuate Collection Set: 1.1ms
[2023-06-14T00:15:44.422-0500][1.736s] GC(3)   Post Evacuate Collection Set: 0.3ms
[2023-06-14T00:15:44.422-0500][1.736s] GC(3)   Other: 0.2ms
[2023-06-14T00:15:44.422-0500][1.736s] GC(3) Eden regions: 32->0(302)
[2023-06-14T00:15:44.422-0500][1.736s] GC(3) Survivor regions: 5->5(39)
[2023-06-14T00:15:44.422-0500][1.737s] GC(3) Old regions: 15->15
[2023-06-14T00:15:44.422-0500][1.737s] GC(3) Archive regions: 0->0
[2023-06-14T00:15:44.422-0500][1.737s] GC(3) Humongous regions: 4->4
[2023-06-14T00:15:44.422-0500][1.737s] GC(3) Metaspace: 21235K(21504K)->21235K(21504K) NonClass: 18768K(18880K)->18768K(18880K) Class: 2466K(2624K)->2466K(2624K)
[2023-06-14T00:15:44.423-0500][1.737s] GC(3) Pause Young (Concurrent Start) (Metadata GC Threshold) 55M->23M(512M) 1.906ms
[2023-06-14T00:15:44.423-0500][1.737s] GC(3) User=0.00s Sys=0.00s Real=0.00s
[2023-06-14T00:15:44.423-0500][1.737s] GC(4) Concurrent Mark Cycle
[2023-06-14T00:15:44.423-0500][1.737s] GC(4) Concurrent Clear Claimed Marks
[2023-06-14T00:15:44.423-0500][1.737s] GC(4) Concurrent Clear Claimed Marks 0.030ms
[2023-06-14T00:15:44.423-0500][1.737s] GC(4) Concurrent Scan Root Regions
[2023-06-14T00:15:44.424-0500][1.738s] GC(4) Concurrent Scan Root Regions 0.968ms
[2023-06-14T00:15:44.424-0500][1.738s] GC(4) Concurrent Mark
[2023-06-14T00:15:44.424-0500][1.738s] GC(4) Concurrent Mark From Roots
[2023-06-14T00:15:44.424-0500][1.738s] GC(4) Using 3 workers of 3 for marking
[2023-06-14T00:15:44.430-0500][1.744s] GC(4) Concurrent Mark From Roots 6.505ms
[2023-06-14T00:15:44.430-0500][1.744s] GC(4) Concurrent Preclean
[2023-06-14T00:15:44.430-0500][1.744s] GC(4) Concurrent Preclean 0.053ms
[2023-06-14T00:15:44.431-0500][1.744s] GC(4) Pause Remark
[2023-06-14T00:15:44.431-0500][1.745s] GC(4) Pause Remark 24M->24M(512M) 0.882ms
[2023-06-14T00:15:44.431-0500][1.745s] GC(4) User=0.00s Sys=0.00s Real=0.00s
[2023-06-14T00:15:44.431-0500][1.745s] GC(4) Concurrent Mark 7.606ms
[2023-06-14T00:15:44.432-0500][1.745s] GC(4) Concurrent Rebuild Remembered Sets
[2023-06-14T00:15:44.435-0500][1.748s] GC(4) Concurrent Rebuild Remembered Sets 3.119ms
[2023-06-14T00:15:44.435-0500][1.749s] GC(4) Pause Cleanup
[2023-06-14T00:15:44.435-0500][1.749s] GC(4) Pause Cleanup 24M->24M(512M) 0.069ms
[2023-06-14T00:15:44.435-0500][1.749s] GC(4) User=0.00s Sys=0.00s Real=0.00s
[2023-06-14T00:15:44.435-0500][1.749s] GC(4) Concurrent Cleanup for Next Mark
[2023-06-14T00:15:44.435-0500][1.749s] GC(4) Concurrent Cleanup for Next Mark 0.476ms
[2023-06-14T00:15:44.435-0500][1.749s] GC(4) Concurrent Mark Cycle 12.614ms
[2023-06-14T00:15:45.335-0500][2.649s] GC(5) Pause Young (Prepare Mixed) (Metadata GC Threshold)
[2023-06-14T00:15:45.335-0500][2.649s] GC(5) Using 10 workers of 10 for evacuation
[2023-06-14T00:15:45.339-0500][2.653s] GC(5)   Pre Evacuate Collection Set: 0.1ms
[2023-06-14T00:15:45.339-0500][2.653s] GC(5)   Merge Heap Roots: 0.0ms
[2023-06-14T00:15:45.339-0500][2.653s] GC(5)   Evacuate Collection Set: 2.9ms
[2023-06-14T00:15:45.339-0500][2.653s] GC(5)   Post Evacuate Collection Set: 0.4ms
[2023-06-14T00:15:45.339-0500][2.653s] GC(5)   Other: 0.1ms
[2023-06-14T00:15:45.339-0500][2.653s] GC(5) Eden regions: 102->0(13)
[2023-06-14T00:15:45.339-0500][2.653s] GC(5) Survivor regions: 5->12(39)
[2023-06-14T00:15:45.339-0500][2.653s] GC(5) Old regions: 15->15
[2023-06-14T00:15:45.339-0500][2.653s] GC(5) Archive regions: 0->0
[2023-06-14T00:15:45.339-0500][2.653s] GC(5) Humongous regions: 5->4
[2023-06-14T00:15:45.339-0500][2.653s] GC(5) Metaspace: 35752K(36096K)->35752K(36096K) NonClass: 31491K(31616K)->31491K(31616K) Class: 4260K(4480K)->4260K(4480K)
[2023-06-14T00:15:45.339-0500][2.653s] GC(5) Pause Young (Prepare Mixed) (Metadata GC Threshold) 126M->30M(512M) 3.540ms
[2023-06-14T00:15:45.339-0500][2.653s] GC(5) User=0.00s Sys=0.00s Real=0.00s
[2023-06-14T00:15:45.351-0500][2.665s] GC(6) Pause Young (Mixed) (GCLocker Initiated GC)
[2023-06-14T00:15:45.351-0500][2.665s] GC(6) Using 10 workers of 10 for evacuation
[2023-06-14T00:15:45.354-0500][2.668s] GC(6)   Pre Evacuate Collection Set: 0.1ms
[2023-06-14T00:15:45.354-0500][2.668s] GC(6)   Merge Heap Roots: 0.0ms
[2023-06-14T00:15:45.354-0500][2.668s] GC(6)   Evacuate Collection Set: 2.7ms
[2023-06-14T00:15:45.354-0500][2.668s] GC(6)   Post Evacuate Collection Set: 0.3ms
[2023-06-14T00:15:45.354-0500][2.668s] GC(6)   Other: 0.1ms
[2023-06-14T00:15:45.354-0500][2.668s] GC(6) Eden regions: 3->0(305)
[2023-06-14T00:15:45.354-0500][2.668s] GC(6) Survivor regions: 12->2(4)
[2023-06-14T00:15:45.354-0500][2.668s] GC(6) Old regions: 15->26
[2023-06-14T00:15:45.354-0500][2.668s] GC(6) Archive regions: 0->0
[2023-06-14T00:15:45.354-0500][2.668s] GC(6) Humongous regions: 4->4
[2023-06-14T00:15:45.354-0500][2.668s] GC(6) Metaspace: 36044K(36480K)->36044K(36480K) NonClass: 31747K(32000K)->31747K(32000K) Class: 4296K(4480K)->4296K(4480K)
[2023-06-14T00:15:45.354-0500][2.668s] GC(6) Pause Young (Mixed) (GCLocker Initiated GC) 32M->30M(512M) 3.322ms
[2023-06-14T00:15:45.354-0500][2.668s] GC(6) User=0.00s Sys=0.00s Real=0.00s
[2023-06-14T00:15:45.363-0500][2.677s] GC(7) Pause Young (Concurrent Start) (Metadata GC Threshold)
[2023-06-14T00:15:45.363-0500][2.677s] GC(7) Using 10 workers of 10 for evacuation
[2023-06-14T00:15:45.363-0500][2.678s] GC(7)   Pre Evacuate Collection Set: 0.1ms
[2023-06-14T00:15:45.363-0500][2.678s] GC(7)   Merge Heap Roots: 0.0ms
[2023-06-14T00:15:45.363-0500][2.678s] GC(7)   Evacuate Collection Set: 0.5ms
[2023-06-14T00:15:45.363-0500][2.678s] GC(7)   Post Evacuate Collection Set: 0.2ms
[2023-06-14T00:15:45.363-0500][2.678s] GC(7)   Other: 0.1ms
[2023-06-14T00:15:45.363-0500][2.678s] GC(7) Eden regions: 2->0(306)
[2023-06-14T00:15:45.363-0500][2.678s] GC(7) Survivor regions: 2->1(39)
[2023-06-14T00:15:45.363-0500][2.678s] GC(7) Old regions: 26->26
[2023-06-14T00:15:45.363-0500][2.678s] GC(7) Archive regions: 0->0
[2023-06-14T00:15:45.363-0500][2.678s] GC(7) Humongous regions: 4->4
[2023-06-14T00:15:45.363-0500][2.678s] GC(7) Metaspace: 36326K(36736K)->36326K(36736K) NonClass: 31998K(32192K)->31998K(32192K) Class: 4327K(4544K)->4327K(4544K)
[2023-06-14T00:15:45.363-0500][2.678s] GC(7) Pause Young (Concurrent Start) (Metadata GC Threshold) 32M->29M(512M) 1.031ms
[2023-06-14T00:15:45.363-0500][2.678s] GC(7) User=0.05s Sys=0.02s Real=0.00s
[2023-06-14T00:15:45.363-0500][2.678s] GC(8) Concurrent Mark Cycle
[2023-06-14T00:15:45.363-0500][2.678s] GC(8) Concurrent Clear Claimed Marks
[2023-06-14T00:15:45.363-0500][2.678s] GC(8) Concurrent Clear Claimed Marks 0.016ms
[2023-06-14T00:15:45.363-0500][2.678s] GC(8) Concurrent Scan Root Regions
[2023-06-14T00:15:45.364-0500][2.678s] GC(8) Concurrent Scan Root Regions 0.533ms
[2023-06-14T00:15:45.364-0500][2.678s] GC(8) Concurrent Mark
[2023-06-14T00:15:45.364-0500][2.678s] GC(8) Concurrent Mark From Roots
[2023-06-14T00:15:45.364-0500][2.678s] GC(8) Using 3 workers of 3 for marking
[2023-06-14T00:15:45.373-0500][2.687s] GC(8) Concurrent Mark From Roots 9.095ms
[2023-06-14T00:15:45.373-0500][2.687s] GC(8) Concurrent Preclean
[2023-06-14T00:15:45.374-0500][2.688s] GC(8) Concurrent Preclean 0.143ms
[2023-06-14T00:15:45.374-0500][2.688s] GC(8) Pause Remark
[2023-06-14T00:15:45.375-0500][2.689s] GC(8) Pause Remark 31M->31M(512M) 1.304ms
[2023-06-14T00:15:45.375-0500][2.689s] GC(8) User=0.00s Sys=0.00s Real=0.00s
[2023-06-14T00:15:45.375-0500][2.689s] GC(8) Concurrent Mark 10.737ms
[2023-06-14T00:15:45.375-0500][2.689s] GC(8) Concurrent Rebuild Remembered Sets
[2023-06-14T00:15:45.380-0500][2.693s] GC(8) Concurrent Rebuild Remembered Sets 4.363ms
[2023-06-14T00:15:45.380-0500][2.694s] GC(8) Pause Cleanup
[2023-06-14T00:15:45.380-0500][2.694s] GC(8) Pause Cleanup 32M->32M(512M) 0.087ms
[2023-06-14T00:15:45.380-0500][2.694s] GC(8) User=0.00s Sys=0.00s Real=0.00s
[2023-06-14T00:15:45.380-0500][2.694s] GC(8) Concurrent Cleanup for Next Mark
[2023-06-14T00:15:45.380-0500][2.694s] GC(8) Concurrent Cleanup for Next Mark 0.492ms
[2023-06-14T00:15:45.380-0500][2.694s] GC(8) Concurrent Mark Cycle 16.474ms
