[2023-06-14T00:11:27.729-0500][0.010s] Using G1
[2023-06-14T00:11:27.854-0500][0.135s] Version: 17.0.6+9-LTS-190 (release)
[2023-06-14T00:11:27.855-0500][0.135s] CPUs: 12 total, 12 available
[2023-06-14T00:11:27.855-0500][0.135s] Memory: 16172M
[2023-06-14T00:11:27.855-0500][0.135s] Large Page Support: Disabled
[2023-06-14T00:11:27.855-0500][0.135s] NUMA Support: Disabled
[2023-06-14T00:11:27.855-0500][0.135s] Compressed Oops: Enabled (32-bit)
[2023-06-14T00:11:27.855-0500][0.135s] Heap Region Size: 1M
[2023-06-14T00:11:27.855-0500][0.135s] Heap Min Capacity: 512M
[2023-06-14T00:11:27.855-0500][0.135s] Heap Initial Capacity: 512M
[2023-06-14T00:11:27.855-0500][0.135s] Heap Max Capacity: 512M
[2023-06-14T00:11:27.855-0500][0.135s] Pre-touch: Enabled
[2023-06-14T00:11:27.855-0500][0.136s] Parallel Workers: 10
[2023-06-14T00:11:27.855-0500][0.136s] Concurrent Workers: 3
[2023-06-14T00:11:27.855-0500][0.136s] Concurrent Refinement Workers: 10
[2023-06-14T00:11:27.855-0500][0.136s] Periodic GC: Disabled
[2023-06-14T00:11:27.855-0500][0.136s] CDS archive(s) mapped at: [0x0000000800000000-0x0000000800bd0000-0x0000000800bd0000), size 12386304, SharedBaseAddress: 0x0000000800000000, ArchiveRelocationMode: 0.
[2023-06-14T00:11:27.855-0500][0.136s] Compressed class space mapped at: 0x0000000800c00000-0x0000000840c00000, reserved size: 1073741824
[2023-06-14T00:11:27.855-0500][0.136s] Narrow klass base: 0x0000000800000000, Narrow klass shift: 0, Narrow klass range: 0x100000000
[2023-06-14T00:11:29.373-0500][1.654s] GC(0) Pause Young (Normal) (G1 Evacuation Pause)
[2023-06-14T00:11:29.373-0500][1.654s] GC(0) Using 10 workers of 10 for evacuation
[2023-06-14T00:11:29.376-0500][1.657s] GC(0)   Pre Evacuate Collection Set: 0.1ms
[2023-06-14T00:11:29.376-0500][1.657s] GC(0)   Merge Heap Roots: 0.2ms
[2023-06-14T00:11:29.376-0500][1.657s] GC(0)   Evacuate Collection Set: 1.8ms
[2023-06-14T00:11:29.376-0500][1.657s] GC(0)   Post Evacuate Collection Set: 0.3ms
[2023-06-14T00:11:29.376-0500][1.657s] GC(0)   Other: 0.5ms
[2023-06-14T00:11:29.376-0500][1.657s] GC(0) Eden regions: 29->0(40)
[2023-06-14T00:11:29.376-0500][1.657s] GC(0) Survivor regions: 0->4(4)
[2023-06-14T00:11:29.376-0500][1.657s] GC(0) Old regions: 0->1
[2023-06-14T00:11:29.376-0500][1.657s] GC(0) Archive regions: 0->0
[2023-06-14T00:11:29.376-0500][1.657s] GC(0) Humongous regions: 0->0
[2023-06-14T00:11:29.376-0500][1.657s] GC(0) Metaspace: 8879K(9152K)->8879K(9152K) NonClass: 7850K(8000K)->7850K(8000K) Class: 1028K(1152K)->1028K(1152K)
[2023-06-14T00:11:29.376-0500][1.657s] GC(0) Pause Young (Normal) (G1 Evacuation Pause) 29M->4M(512M) 2.942ms
[2023-06-14T00:11:29.376-0500][1.657s] GC(0) User=0.00s Sys=0.00s Real=0.00s
[2023-06-14T00:11:29.953-0500][2.235s] GC(1) Pause Young (Normal) (G1 Evacuation Pause)
[2023-06-14T00:11:29.953-0500][2.235s] GC(1) Using 10 workers of 10 for evacuation
[2023-06-14T00:11:29.958-0500][2.239s] GC(1)   Pre Evacuate Collection Set: 0.1ms
[2023-06-14T00:11:29.958-0500][2.239s] GC(1)   Merge Heap Roots: 0.0ms
[2023-06-14T00:11:29.958-0500][2.239s] GC(1)   Evacuate Collection Set: 4.2ms
[2023-06-14T00:11:29.958-0500][2.239s] GC(1)   Post Evacuate Collection Set: 0.3ms
[2023-06-14T00:11:29.958-0500][2.239s] GC(1)   Other: 0.1ms
[2023-06-14T00:11:29.958-0500][2.239s] GC(1) Eden regions: 40->0(83)
[2023-06-14T00:11:29.958-0500][2.239s] GC(1) Survivor regions: 4->6(6)
[2023-06-14T00:11:29.958-0500][2.239s] GC(1) Old regions: 1->9
[2023-06-14T00:11:29.958-0500][2.239s] GC(1) Archive regions: 0->0
[2023-06-14T00:11:29.958-0500][2.239s] GC(1) Humongous regions: 4->4
[2023-06-14T00:11:29.958-0500][2.239s] GC(1) Metaspace: 18198K(18496K)->18198K(18496K) NonClass: 16067K(16192K)->16067K(16192K) Class: 2131K(2304K)->2131K(2304K)
[2023-06-14T00:11:29.958-0500][2.240s] GC(1) Pause Young (Normal) (G1 Evacuation Pause) 48M->18M(512M) 4.869ms
[2023-06-14T00:11:29.958-0500][2.240s] GC(1) User=0.05s Sys=0.11s Real=0.00s
[2023-06-14T00:11:31.080-0500][3.361s] GC(2) Pause Young (Normal) (G1 Evacuation Pause)
[2023-06-14T00:11:31.080-0500][3.361s] GC(2) Using 10 workers of 10 for evacuation
[2023-06-14T00:11:31.082-0500][3.363s] GC(2)   Pre Evacuate Collection Set: 0.0ms
[2023-06-14T00:11:31.082-0500][3.363s] GC(2)   Merge Heap Roots: 0.0ms
[2023-06-14T00:11:31.082-0500][3.363s] GC(2)   Evacuate Collection Set: 2.0ms
[2023-06-14T00:11:31.082-0500][3.363s] GC(2)   Post Evacuate Collection Set: 0.3ms
[2023-06-14T00:11:31.082-0500][3.364s] GC(2)   Other: 0.2ms
[2023-06-14T00:11:31.082-0500][3.364s] GC(2) Eden regions: 83->0(296)
[2023-06-14T00:11:31.082-0500][3.364s] GC(2) Survivor regions: 6->11(12)
[2023-06-14T00:11:31.082-0500][3.364s] GC(2) Old regions: 9->9
[2023-06-14T00:11:31.082-0500][3.364s] GC(2) Archive regions: 0->0
[2023-06-14T00:11:31.082-0500][3.364s] GC(2) Humongous regions: 4->4
[2023-06-14T00:11:31.082-0500][3.364s] GC(2) Metaspace: 18554K(18880K)->18554K(18880K) NonClass: 16403K(16576K)->16403K(16576K) Class: 2150K(2304K)->2150K(2304K)
[2023-06-14T00:11:31.082-0500][3.364s] GC(2) Pause Young (Normal) (G1 Evacuation Pause) 101M->22M(512M) 2.613ms
[2023-06-14T00:11:31.082-0500][3.364s] GC(2) User=0.17s Sys=0.00s Real=0.00s
[2023-06-14T00:11:31.461-0500][3.742s] GC(3) Pause Young (Concurrent Start) (Metadata GC Threshold)
[2023-06-14T00:11:31.461-0500][3.742s] GC(3) Using 10 workers of 10 for evacuation
[2023-06-14T00:11:31.464-0500][3.745s] GC(3)   Pre Evacuate Collection Set: 0.1ms
[2023-06-14T00:11:31.464-0500][3.745s] GC(3)   Merge Heap Roots: 0.0ms
[2023-06-14T00:11:31.464-0500][3.745s] GC(3)   Evacuate Collection Set: 2.4ms
[2023-06-14T00:11:31.464-0500][3.745s] GC(3)   Post Evacuate Collection Set: 0.3ms
[2023-06-14T00:11:31.464-0500][3.745s] GC(3)   Other: 0.2ms
[2023-06-14T00:11:31.464-0500][3.745s] GC(3) Eden regions: 17->0(295)
[2023-06-14T00:11:31.464-0500][3.745s] GC(3) Survivor regions: 11->12(39)
[2023-06-14T00:11:31.464-0500][3.745s] GC(3) Old regions: 9->9
[2023-06-14T00:11:31.464-0500][3.745s] GC(3) Archive regions: 0->0
[2023-06-14T00:11:31.464-0500][3.745s] GC(3) Humongous regions: 4->4
[2023-06-14T00:11:31.465-0500][3.745s] GC(3) Metaspace: 21217K(21504K)->21217K(21504K) NonClass: 18755K(18880K)->18755K(18880K) Class: 2462K(2624K)->2462K(2624K)
[2023-06-14T00:11:31.465-0500][3.745s] GC(3) Pause Young (Concurrent Start) (Metadata GC Threshold) 39M->23M(512M) 3.227ms
[2023-06-14T00:11:31.465-0500][3.745s] GC(3) User=0.00s Sys=0.00s Real=0.00s
[2023-06-14T00:11:31.465-0500][3.746s] GC(4) Concurrent Mark Cycle
[2023-06-14T00:11:31.465-0500][3.746s] GC(4) Concurrent Clear Claimed Marks
[2023-06-14T00:11:31.465-0500][3.746s] GC(4) Concurrent Clear Claimed Marks 0.028ms
[2023-06-14T00:11:31.465-0500][3.746s] GC(4) Concurrent Scan Root Regions
[2023-06-14T00:11:31.466-0500][3.747s] GC(4) Concurrent Scan Root Regions 1.524ms
[2023-06-14T00:11:31.466-0500][3.747s] GC(4) Concurrent Mark
[2023-06-14T00:11:31.466-0500][3.747s] GC(4) Concurrent Mark From Roots
[2023-06-14T00:11:31.466-0500][3.747s] GC(4) Using 3 workers of 3 for marking
[2023-06-14T00:11:31.471-0500][3.752s] GC(4) Concurrent Mark From Roots 4.922ms
[2023-06-14T00:11:31.471-0500][3.752s] GC(4) Concurrent Preclean
[2023-06-14T00:11:31.471-0500][3.752s] GC(4) Concurrent Preclean 0.071ms
[2023-06-14T00:11:31.471-0500][3.752s] GC(4) Pause Remark
[2023-06-14T00:11:31.472-0500][3.753s] GC(4) Pause Remark 24M->24M(512M) 0.956ms
[2023-06-14T00:11:31.473-0500][3.753s] GC(4) User=0.00s Sys=0.00s Real=0.00s
[2023-06-14T00:11:31.473-0500][3.753s] GC(4) Concurrent Mark 6.139ms
[2023-06-14T00:11:31.473-0500][3.753s] GC(4) Concurrent Rebuild Remembered Sets
[2023-06-14T00:11:31.475-0500][3.756s] GC(4) Concurrent Rebuild Remembered Sets 2.240ms
[2023-06-14T00:11:31.475-0500][3.756s] GC(4) Pause Cleanup
[2023-06-14T00:11:31.475-0500][3.756s] GC(4) Pause Cleanup 24M->24M(512M) 0.097ms
[2023-06-14T00:11:31.475-0500][3.756s] GC(4) User=0.00s Sys=0.00s Real=0.00s
[2023-06-14T00:11:31.475-0500][3.756s] GC(4) Concurrent Cleanup for Next Mark
[2023-06-14T00:11:31.476-0500][3.756s] GC(4) Concurrent Cleanup for Next Mark 0.620ms
[2023-06-14T00:11:31.476-0500][3.757s] GC(4) Concurrent Mark Cycle 11.003ms
[2023-06-14T00:11:32.589-0500][4.870s] GC(5) Pause Young (Concurrent Start) (Metadata GC Threshold)
[2023-06-14T00:11:32.589-0500][4.870s] GC(5) Using 10 workers of 10 for evacuation
[2023-06-14T00:11:32.594-0500][4.875s] GC(5)   Pre Evacuate Collection Set: 0.1ms
[2023-06-14T00:11:32.594-0500][4.875s] GC(5)   Merge Heap Roots: 0.0ms
[2023-06-14T00:11:32.594-0500][4.875s] GC(5)   Evacuate Collection Set: 4.5ms
[2023-06-14T00:11:32.594-0500][4.875s] GC(5)   Post Evacuate Collection Set: 0.5ms
[2023-06-14T00:11:32.594-0500][4.875s] GC(5)   Other: 0.2ms
[2023-06-14T00:11:32.594-0500][4.875s] GC(5) Eden regions: 101->0(289)
[2023-06-14T00:11:32.594-0500][4.875s] GC(5) Survivor regions: 12->18(39)
[2023-06-14T00:11:32.594-0500][4.875s] GC(5) Old regions: 9->9
[2023-06-14T00:11:32.594-0500][4.875s] GC(5) Archive regions: 0->0
[2023-06-14T00:11:32.594-0500][4.875s] GC(5) Humongous regions: 5->4
[2023-06-14T00:11:32.594-0500][4.875s] GC(5) Metaspace: 35722K(36096K)->35722K(36096K) NonClass: 31461K(31616K)->31461K(31616K) Class: 4260K(4480K)->4260K(4480K)
[2023-06-14T00:11:32.594-0500][4.875s] GC(5) Pause Young (Concurrent Start) (Metadata GC Threshold) 125M->29M(512M) 5.403ms
[2023-06-14T00:11:32.594-0500][4.875s] GC(5) User=0.00s Sys=0.00s Real=0.01s
[2023-06-14T00:11:32.594-0500][4.875s] GC(6) Concurrent Mark Cycle
[2023-06-14T00:11:32.594-0500][4.875s] GC(6) Concurrent Clear Claimed Marks
[2023-06-14T00:11:32.594-0500][4.875s] GC(6) Concurrent Clear Claimed Marks 0.031ms
[2023-06-14T00:11:32.594-0500][4.875s] GC(6) Concurrent Scan Root Regions
[2023-06-14T00:11:32.597-0500][4.877s] GC(6) Concurrent Scan Root Regions 2.178ms
[2023-06-14T00:11:32.597-0500][4.877s] GC(6) Concurrent Mark
[2023-06-14T00:11:32.597-0500][4.877s] GC(6) Concurrent Mark From Roots
[2023-06-14T00:11:32.597-0500][4.877s] GC(6) Using 3 workers of 3 for marking
[2023-06-14T00:11:32.601-0500][4.882s] GC(6) Concurrent Mark From Roots 4.373ms
[2023-06-14T00:11:32.601-0500][4.882s] GC(6) Concurrent Preclean
[2023-06-14T00:11:32.601-0500][4.882s] GC(6) Concurrent Preclean 0.104ms
[2023-06-14T00:11:32.601-0500][4.882s] GC(6) Pause Remark
[2023-06-14T00:11:32.603-0500][4.883s] GC(6) Pause Remark 31M->31M(512M) 1.451ms
[2023-06-14T00:11:32.603-0500][4.883s] GC(6) User=0.00s Sys=0.00s Real=0.00s
[2023-06-14T00:11:32.603-0500][4.884s] GC(6) Concurrent Mark 6.152ms
[2023-06-14T00:11:32.603-0500][4.884s] GC(6) Concurrent Rebuild Remembered Sets
[2023-06-14T00:11:32.605-0500][4.886s] GC(6) Concurrent Rebuild Remembered Sets 1.987ms
[2023-06-14T00:11:32.605-0500][4.886s] GC(6) Pause Cleanup
[2023-06-14T00:11:32.605-0500][4.886s] GC(6) Pause Cleanup 31M->31M(512M) 0.067ms
[2023-06-14T00:11:32.605-0500][4.886s] GC(6) User=0.00s Sys=0.00s Real=0.00s
[2023-06-14T00:11:32.605-0500][4.886s] GC(6) Concurrent Cleanup for Next Mark
[2023-06-14T00:11:32.606-0500][4.886s] GC(6) Concurrent Cleanup for Next Mark 0.629ms
[2023-06-14T00:11:32.606-0500][4.886s] GC(6) Concurrent Mark Cycle 11.295ms
[2023-06-14T00:15:39.213-0500][251.494s] GC(7) Pause Young (Normal) (G1 Evacuation Pause)
[2023-06-14T00:15:39.213-0500][251.494s] GC(7) Using 10 workers of 10 for evacuation
[2023-06-14T00:15:39.224-0500][251.505s] GC(7)   Pre Evacuate Collection Set: 0.1ms
[2023-06-14T00:15:39.224-0500][251.505s] GC(7)   Merge Heap Roots: 0.1ms
[2023-06-14T00:15:39.224-0500][251.505s] GC(7)   Evacuate Collection Set: 9.9ms
[2023-06-14T00:15:39.224-0500][251.505s] GC(7)   Post Evacuate Collection Set: 0.8ms
[2023-06-14T00:15:39.224-0500][251.505s] GC(7)   Other: 0.2ms
[2023-06-14T00:15:39.224-0500][251.505s] GC(7) Eden regions: 289->0(279)
[2023-06-14T00:15:39.224-0500][251.505s] GC(7) Survivor regions: 18->28(39)
[2023-06-14T00:15:39.224-0500][251.505s] GC(7) Old regions: 9->9
[2023-06-14T00:15:39.224-0500][251.505s] GC(7) Archive regions: 0->0
[2023-06-14T00:15:39.224-0500][251.505s] GC(7) Humongous regions: 4->4
[2023-06-14T00:15:39.224-0500][251.505s] GC(7) Metaspace: 53364K(53888K)->53364K(53888K) NonClass: 46780K(47040K)->46780K(47040K) Class: 6583K(6848K)->6583K(6848K)
[2023-06-14T00:15:39.224-0500][251.505s] GC(7) Pause Young (Normal) (G1 Evacuation Pause) 318M->40M(512M) 11.134ms
[2023-06-14T00:15:39.224-0500][251.505s] GC(7) User=0.09s Sys=0.06s Real=0.01s
[2023-06-14T00:15:39.259-0500][251.540s] Heap
[2023-06-14T00:15:39.259-0500][251.540s]  garbage-first heap   total 524288K, used 52516K [0x00000000e0000000, 0x0000000100000000)
[2023-06-14T00:15:39.259-0500][251.541s]   region size 1024K, 39 young (39936K), 28 survivors (28672K)
[2023-06-14T00:15:39.259-0500][251.541s]  Metaspace       used 53487K, committed 54016K, reserved 1097728K
[2023-06-14T00:15:39.259-0500][251.541s]   class space    used 6599K, committed 6848K, reserved 1048576K
