[2023-05-17T14:15:59.453-0500][0.011s] Using G1
[2023-05-17T14:15:59.557-0500][0.115s] Version: 17.0.7+8-LTS-224 (release)
[2023-05-17T14:15:59.557-0500][0.115s] CPUs: 8 total, 8 available
[2023-05-17T14:15:59.557-0500][0.115s] Memory: 16328M
[2023-05-17T14:15:59.557-0500][0.115s] Large Page Support: Disabled
[2023-05-17T14:15:59.557-0500][0.115s] NUMA Support: Disabled
[2023-05-17T14:15:59.557-0500][0.115s] Compressed Oops: Enabled (32-bit)
[2023-05-17T14:15:59.557-0500][0.115s] Heap Region Size: 1M
[2023-05-17T14:15:59.557-0500][0.115s] Heap Min Capacity: 512M
[2023-05-17T14:15:59.557-0500][0.115s] Heap Initial Capacity: 512M
[2023-05-17T14:15:59.557-0500][0.115s] Heap Max Capacity: 512M
[2023-05-17T14:15:59.557-0500][0.115s] Pre-touch: Enabled
[2023-05-17T14:15:59.558-0500][0.116s] Parallel Workers: 8
[2023-05-17T14:15:59.558-0500][0.116s] Concurrent Workers: 2
[2023-05-17T14:15:59.558-0500][0.116s] Concurrent Refinement Workers: 8
[2023-05-17T14:15:59.558-0500][0.116s] Periodic GC: Disabled
[2023-05-17T14:15:59.559-0500][0.117s] CDS archive(s) mapped at: [0x0000000800000000-0x0000000800bd0000-0x0000000800bd0000), size 12386304, SharedBaseAddress: 0x0000000800000000, ArchiveRelocationMode: 0.
[2023-05-17T14:15:59.559-0500][0.117s] Compressed class space mapped at: 0x0000000800c00000-0x0000000840c00000, reserved size: 1073741824
[2023-05-17T14:15:59.559-0500][0.117s] Narrow klass base: 0x0000000800000000, Narrow klass shift: 0, Narrow klass range: 0x100000000
[2023-05-17T14:16:00.196-0500][0.755s] GC(0) Pause Young (Normal) (G1 Evacuation Pause)
[2023-05-17T14:16:00.197-0500][0.755s] GC(0) Using 8 workers of 8 for evacuation
[2023-05-17T14:16:00.200-0500][0.758s] GC(0)   Pre Evacuate Collection Set: 0.0ms
[2023-05-17T14:16:00.200-0500][0.758s] GC(0)   Merge Heap Roots: 0.0ms
[2023-05-17T14:16:00.200-0500][0.758s] GC(0)   Evacuate Collection Set: 2.4ms
[2023-05-17T14:16:00.200-0500][0.758s] GC(0)   Post Evacuate Collection Set: 0.4ms
[2023-05-17T14:16:00.200-0500][0.758s] GC(0)   Other: 0.4ms
[2023-05-17T14:16:00.200-0500][0.758s] GC(0) Eden regions: 29->0(40)
[2023-05-17T14:16:00.200-0500][0.758s] GC(0) Survivor regions: 0->4(4)
[2023-05-17T14:16:00.200-0500][0.758s] GC(0) Old regions: 0->1
[2023-05-17T14:16:00.200-0500][0.758s] GC(0) Archive regions: 0->0
[2023-05-17T14:16:00.200-0500][0.758s] GC(0) Humongous regions: 0->0
[2023-05-17T14:16:00.200-0500][0.758s] GC(0) Metaspace: 8806K(9024K)->8806K(9024K) NonClass: 7785K(7872K)->7785K(7872K) Class: 1021K(1152K)->1021K(1152K)
[2023-05-17T14:16:00.200-0500][0.758s] GC(0) Pause Young (Normal) (G1 Evacuation Pause) 29M->4M(512M) 3.438ms
[2023-05-17T14:16:00.200-0500][0.758s] GC(0) User=0.00s Sys=0.00s Real=0.00s
[2023-05-17T14:16:00.705-0500][1.263s] GC(1) Pause Young (Normal) (G1 Evacuation Pause)
[2023-05-17T14:16:00.705-0500][1.263s] GC(1) Using 8 workers of 8 for evacuation
[2023-05-17T14:16:00.712-0500][1.270s] GC(1)   Pre Evacuate Collection Set: 0.1ms
[2023-05-17T14:16:00.712-0500][1.270s] GC(1)   Merge Heap Roots: 0.1ms
[2023-05-17T14:16:00.712-0500][1.270s] GC(1)   Evacuate Collection Set: 5.7ms
[2023-05-17T14:16:00.712-0500][1.270s] GC(1)   Post Evacuate Collection Set: 0.5ms
[2023-05-17T14:16:00.712-0500][1.270s] GC(1)   Other: 0.1ms
[2023-05-17T14:16:00.712-0500][1.270s] GC(1) Eden regions: 40->0(77)
[2023-05-17T14:16:00.712-0500][1.270s] GC(1) Survivor regions: 4->6(6)
[2023-05-17T14:16:00.712-0500][1.270s] GC(1) Old regions: 1->9
[2023-05-17T14:16:00.712-0500][1.270s] GC(1) Archive regions: 0->0
[2023-05-17T14:16:00.712-0500][1.270s] GC(1) Humongous regions: 4->4
[2023-05-17T14:16:00.712-0500][1.270s] GC(1) Metaspace: 18212K(18496K)->18212K(18496K) NonClass: 16077K(16192K)->16077K(16192K) Class: 2134K(2304K)->2134K(2304K)
[2023-05-17T14:16:00.712-0500][1.270s] GC(1) Pause Young (Normal) (G1 Evacuation Pause) 48M->18M(512M) 6.705ms
[2023-05-17T14:16:00.712-0500][1.270s] GC(1) User=0.12s Sys=0.00s Real=0.01s
[2023-05-17T14:16:01.094-0500][1.652s] GC(2) Pause Young (Normal) (G1 Evacuation Pause)
[2023-05-17T14:16:01.094-0500][1.652s] GC(2) Using 8 workers of 8 for evacuation
[2023-05-17T14:16:01.098-0500][1.655s] GC(2)   Pre Evacuate Collection Set: 0.1ms
[2023-05-17T14:16:01.098-0500][1.655s] GC(2)   Merge Heap Roots: 0.1ms
[2023-05-17T14:16:01.098-0500][1.655s] GC(2)   Evacuate Collection Set: 2.4ms
[2023-05-17T14:16:01.098-0500][1.655s] GC(2)   Post Evacuate Collection Set: 0.4ms
[2023-05-17T14:16:01.098-0500][1.655s] GC(2)   Other: 0.2ms
[2023-05-17T14:16:01.098-0500][1.655s] GC(2) Eden regions: 74->0(302)
[2023-05-17T14:16:01.098-0500][1.655s] GC(2) Survivor regions: 6->5(10)
[2023-05-17T14:16:01.098-0500][1.655s] GC(2) Old regions: 9->15
[2023-05-17T14:16:01.098-0500][1.655s] GC(2) Archive regions: 0->0
[2023-05-17T14:16:01.098-0500][1.655s] GC(2) Humongous regions: 4->4
[2023-05-17T14:16:01.098-0500][1.655s] GC(2) Metaspace: 18414K(18752K)->18414K(18752K) NonClass: 16276K(16448K)->16276K(16448K) Class: 2137K(2304K)->2137K(2304K)
[2023-05-17T14:16:01.098-0500][1.655s] GC(2) Pause Young (Normal) (G1 Evacuation Pause) 92M->23M(512M) 3.328ms
[2023-05-17T14:16:01.098-0500][1.656s] GC(2) User=0.00s Sys=0.00s Real=0.00s
[2023-05-17T14:16:01.328-0500][1.887s] GC(3) Pause Young (Concurrent Start) (Metadata GC Threshold)
[2023-05-17T14:16:01.328-0500][1.887s] GC(3) Using 8 workers of 8 for evacuation
[2023-05-17T14:16:01.331-0500][1.889s] GC(3)   Pre Evacuate Collection Set: 0.1ms
[2023-05-17T14:16:01.331-0500][1.889s] GC(3)   Merge Heap Roots: 0.1ms
[2023-05-17T14:16:01.331-0500][1.889s] GC(3)   Evacuate Collection Set: 1.5ms
[2023-05-17T14:16:01.331-0500][1.889s] GC(3)   Post Evacuate Collection Set: 0.5ms
[2023-05-17T14:16:01.331-0500][1.889s] GC(3)   Other: 0.2ms
[2023-05-17T14:16:01.331-0500][1.889s] GC(3) Eden regions: 30->0(302)
[2023-05-17T14:16:01.331-0500][1.889s] GC(3) Survivor regions: 5->5(39)
[2023-05-17T14:16:01.331-0500][1.889s] GC(3) Old regions: 15->15
[2023-05-17T14:16:01.331-0500][1.889s] GC(3) Archive regions: 0->0
[2023-05-17T14:16:01.331-0500][1.889s] GC(3) Humongous regions: 4->4
[2023-05-17T14:16:01.331-0500][1.889s] GC(3) Metaspace: 21192K(21504K)->21192K(21504K) NonClass: 18732K(18880K)->18732K(18880K) Class: 2459K(2624K)->2459K(2624K)
[2023-05-17T14:16:01.331-0500][1.889s] GC(3) Pause Young (Concurrent Start) (Metadata GC Threshold) 52M->23M(512M) 2.429ms
[2023-05-17T14:16:01.331-0500][1.889s] GC(3) User=0.00s Sys=0.00s Real=0.00s
[2023-05-17T14:16:01.331-0500][1.889s] GC(4) Concurrent Mark Cycle
[2023-05-17T14:16:01.331-0500][1.889s] GC(4) Concurrent Clear Claimed Marks
[2023-05-17T14:16:01.331-0500][1.889s] GC(4) Concurrent Clear Claimed Marks 0.027ms
[2023-05-17T14:16:01.331-0500][1.889s] GC(4) Concurrent Scan Root Regions
[2023-05-17T14:16:01.332-0500][1.891s] GC(4) Concurrent Scan Root Regions 1.158ms
[2023-05-17T14:16:01.332-0500][1.891s] GC(4) Concurrent Mark
[2023-05-17T14:16:01.332-0500][1.891s] GC(4) Concurrent Mark From Roots
[2023-05-17T14:16:01.332-0500][1.891s] GC(4) Using 2 workers of 2 for marking
[2023-05-17T14:16:01.343-0500][1.901s] GC(4) Concurrent Mark From Roots 10.319ms
[2023-05-17T14:16:01.343-0500][1.901s] GC(4) Concurrent Preclean
[2023-05-17T14:16:01.343-0500][1.901s] GC(4) Concurrent Preclean 0.053ms
[2023-05-17T14:16:01.343-0500][1.901s] GC(4) Pause Remark
[2023-05-17T14:16:01.344-0500][1.902s] GC(4) Pause Remark 24M->24M(512M) 1.141ms
[2023-05-17T14:16:01.344-0500][1.902s] GC(4) User=0.00s Sys=0.00s Real=0.00s
[2023-05-17T14:16:01.344-0500][1.902s] GC(4) Concurrent Mark 11.757ms
[2023-05-17T14:16:01.344-0500][1.902s] GC(4) Concurrent Rebuild Remembered Sets
[2023-05-17T14:16:01.348-0500][1.906s] GC(4) Concurrent Rebuild Remembered Sets 4.089ms
[2023-05-17T14:16:01.348-0500][1.907s] GC(4) Pause Cleanup
[2023-05-17T14:16:01.348-0500][1.907s] GC(4) Pause Cleanup 25M->25M(512M) 0.098ms
[2023-05-17T14:16:01.348-0500][1.907s] GC(4) User=0.00s Sys=0.00s Real=0.00s
[2023-05-17T14:16:01.348-0500][1.907s] GC(4) Concurrent Cleanup for Next Mark
[2023-05-17T14:16:01.350-0500][1.909s] GC(4) Concurrent Cleanup for Next Mark 1.824ms
[2023-05-17T14:16:01.350-0500][1.909s] GC(4) Concurrent Mark Cycle 19.466ms
[2023-05-17T14:16:02.311-0500][2.870s] GC(5) Pause Young (Concurrent Start) (Metadata GC Threshold)
[2023-05-17T14:16:02.311-0500][2.870s] GC(5) Using 8 workers of 8 for evacuation
[2023-05-17T14:16:02.317-0500][2.875s] GC(5)   Pre Evacuate Collection Set: 0.1ms
[2023-05-17T14:16:02.317-0500][2.875s] GC(5)   Merge Heap Roots: 0.1ms
[2023-05-17T14:16:02.317-0500][2.875s] GC(5)   Evacuate Collection Set: 4.6ms
[2023-05-17T14:16:02.317-0500][2.875s] GC(5)   Post Evacuate Collection Set: 0.7ms
[2023-05-17T14:16:02.317-0500][2.875s] GC(5)   Other: 0.2ms
[2023-05-17T14:16:02.317-0500][2.875s] GC(5) Eden regions: 100->0(295)
[2023-05-17T14:16:02.317-0500][2.876s] GC(5) Survivor regions: 5->12(39)
[2023-05-17T14:16:02.317-0500][2.876s] GC(5) Old regions: 15->15
[2023-05-17T14:16:02.317-0500][2.876s] GC(5) Archive regions: 0->0
[2023-05-17T14:16:02.317-0500][2.876s] GC(5) Humongous regions: 5->4
[2023-05-17T14:16:02.317-0500][2.876s] GC(5) Metaspace: 35883K(36160K)->35883K(36160K) NonClass: 31611K(31744K)->31611K(31744K) Class: 4272K(4416K)->4272K(4416K)
[2023-05-17T14:16:02.317-0500][2.876s] GC(5) Pause Young (Concurrent Start) (Metadata GC Threshold) 123M->29M(512M) 5.974ms
[2023-05-17T14:16:02.317-0500][2.876s] GC(5) User=0.00s Sys=0.00s Real=0.01s
[2023-05-17T14:16:02.317-0500][2.876s] GC(6) Concurrent Mark Cycle
[2023-05-17T14:16:02.317-0500][2.876s] GC(6) Concurrent Clear Claimed Marks
[2023-05-17T14:16:02.317-0500][2.876s] GC(6) Concurrent Clear Claimed Marks 0.038ms
[2023-05-17T14:16:02.317-0500][2.876s] GC(6) Concurrent Scan Root Regions
[2023-05-17T14:16:02.320-0500][2.878s] GC(6) Concurrent Scan Root Regions 2.591ms
[2023-05-17T14:16:02.320-0500][2.878s] GC(6) Concurrent Mark
[2023-05-17T14:16:02.320-0500][2.878s] GC(6) Concurrent Mark From Roots
[2023-05-17T14:16:02.320-0500][2.878s] GC(6) Using 2 workers of 2 for marking
[2023-05-17T14:16:02.329-0500][2.888s] GC(6) Concurrent Mark From Roots 9.346ms
[2023-05-17T14:16:02.329-0500][2.888s] GC(6) Concurrent Preclean
[2023-05-17T14:16:02.329-0500][2.888s] GC(6) Concurrent Preclean 0.058ms
[2023-05-17T14:16:02.330-0500][2.888s] GC(6) Pause Remark
[2023-05-17T14:16:02.331-0500][2.889s] GC(6) Pause Remark 32M->32M(512M) 1.411ms
[2023-05-17T14:16:02.331-0500][2.890s] GC(6) User=0.00s Sys=0.00s Real=0.00s
[2023-05-17T14:16:02.331-0500][2.890s] GC(6) Concurrent Mark 11.106ms
[2023-05-17T14:16:02.331-0500][2.890s] GC(6) Concurrent Rebuild Remembered Sets
[2023-05-17T14:16:02.335-0500][2.894s] GC(6) Concurrent Rebuild Remembered Sets 4.113ms
[2023-05-17T14:16:02.336-0500][2.894s] GC(6) Pause Cleanup
[2023-05-17T14:16:02.336-0500][2.894s] GC(6) Pause Cleanup 32M->32M(512M) 0.121ms
[2023-05-17T14:16:02.336-0500][2.894s] GC(6) User=0.00s Sys=0.00s Real=0.00s
[2023-05-17T14:16:02.336-0500][2.894s] GC(6) Concurrent Cleanup for Next Mark
[2023-05-17T14:16:02.337-0500][2.895s] GC(6) Concurrent Cleanup for Next Mark 0.976ms
[2023-05-17T14:16:02.337-0500][2.895s] GC(6) Concurrent Mark Cycle 19.340ms
