[2023-06-26T23:05:12.729-0500][0.009s] Using G1
[2023-06-26T23:05:12.840-0500][0.120s] Version: 17.0.7+8-LTS-224 (release)
[2023-06-26T23:05:12.840-0500][0.120s] CPUs: 12 total, 12 available
[2023-06-26T23:05:12.840-0500][0.120s] Memory: 16281M
[2023-06-26T23:05:12.840-0500][0.120s] Large Page Support: Disabled
[2023-06-26T23:05:12.840-0500][0.120s] NUMA Support: Disabled
[2023-06-26T23:05:12.840-0500][0.120s] Compressed Oops: Enabled (32-bit)
[2023-06-26T23:05:12.840-0500][0.120s] Heap Region Size: 1M
[2023-06-26T23:05:12.840-0500][0.120s] Heap Min Capacity: 512M
[2023-06-26T23:05:12.840-0500][0.120s] Heap Initial Capacity: 512M
[2023-06-26T23:05:12.840-0500][0.120s] Heap Max Capacity: 512M
[2023-06-26T23:05:12.840-0500][0.120s] Pre-touch: Enabled
[2023-06-26T23:05:12.841-0500][0.121s] Parallel Workers: 10
[2023-06-26T23:05:12.841-0500][0.121s] Concurrent Workers: 3
[2023-06-26T23:05:12.841-0500][0.121s] Concurrent Refinement Workers: 10
[2023-06-26T23:05:12.841-0500][0.121s] Periodic GC: Disabled
[2023-06-26T23:05:12.842-0500][0.122s] CDS archive(s) mapped at: [0x0000000800000000-0x0000000800bd0000-0x0000000800bd0000), size 12386304, SharedBaseAddress: 0x0000000800000000, ArchiveRelocationMode: 0.
[2023-06-26T23:05:12.842-0500][0.122s] Compressed class space mapped at: 0x0000000800c00000-0x0000000840c00000, reserved size: 1073741824
[2023-06-26T23:05:12.842-0500][0.122s] Narrow klass base: 0x0000000800000000, Narrow klass shift: 0, Narrow klass range: 0x100000000
[2023-06-26T23:05:13.354-0500][0.634s] GC(0) Pause Young (Normal) (G1 Evacuation Pause)
[2023-06-26T23:05:13.355-0500][0.634s] GC(0) Using 10 workers of 10 for evacuation
[2023-06-26T23:05:13.356-0500][0.636s] GC(0)   Pre Evacuate Collection Set: 0.0ms
[2023-06-26T23:05:13.356-0500][0.636s] GC(0)   Merge Heap Roots: 0.0ms
[2023-06-26T23:05:13.356-0500][0.636s] GC(0)   Evacuate Collection Set: 1.4ms
[2023-06-26T23:05:13.356-0500][0.636s] GC(0)   Post Evacuate Collection Set: 0.3ms
[2023-06-26T23:05:13.357-0500][0.636s] GC(0)   Other: 0.4ms
[2023-06-26T23:05:13.357-0500][0.636s] GC(0) Eden regions: 29->0(43)
[2023-06-26T23:05:13.357-0500][0.636s] GC(0) Survivor regions: 0->4(4)
[2023-06-26T23:05:13.357-0500][0.636s] GC(0) Old regions: 0->0
[2023-06-26T23:05:13.357-0500][0.636s] GC(0) Archive regions: 0->0
[2023-06-26T23:05:13.357-0500][0.636s] GC(0) Humongous regions: 0->0
[2023-06-26T23:05:13.357-0500][0.636s] GC(0) Metaspace: 5445K(5696K)->5445K(5696K) NonClass: 4857K(4992K)->4857K(4992K) Class: 588K(704K)->588K(704K)
[2023-06-26T23:05:13.357-0500][0.636s] GC(0) Pause Young (Normal) (G1 Evacuation Pause) 29M->3M(512M) 2.287ms
[2023-06-26T23:05:13.357-0500][0.636s] GC(0) User=0.00s Sys=0.00s Real=0.00s
[2023-06-26T23:05:13.937-0500][1.217s] GC(1) Pause Young (Normal) (G1 Evacuation Pause)
[2023-06-26T23:05:13.937-0500][1.217s] GC(1) Using 10 workers of 10 for evacuation
[2023-06-26T23:05:13.943-0500][1.222s] GC(1)   Pre Evacuate Collection Set: 0.0ms
[2023-06-26T23:05:13.943-0500][1.222s] GC(1)   Merge Heap Roots: 0.1ms
[2023-06-26T23:05:13.943-0500][1.222s] GC(1)   Evacuate Collection Set: 4.4ms
[2023-06-26T23:05:13.943-0500][1.222s] GC(1)   Post Evacuate Collection Set: 0.5ms
[2023-06-26T23:05:13.943-0500][1.222s] GC(1)   Other: 0.1ms
[2023-06-26T23:05:13.943-0500][1.222s] GC(1) Eden regions: 43->0(301)
[2023-06-26T23:05:13.943-0500][1.222s] GC(1) Survivor regions: 4->6(6)
[2023-06-26T23:05:13.943-0500][1.222s] GC(1) Old regions: 0->8
[2023-06-26T23:05:13.943-0500][1.222s] GC(1) Archive regions: 0->0
[2023-06-26T23:05:13.943-0500][1.222s] GC(1) Humongous regions: 4->4
[2023-06-26T23:05:13.943-0500][1.222s] GC(1) Metaspace: 17189K(17536K)->17189K(17536K) NonClass: 15195K(15360K)->15195K(15360K) Class: 1993K(2176K)->1993K(2176K)
[2023-06-26T23:05:13.943-0500][1.222s] GC(1) Pause Young (Normal) (G1 Evacuation Pause) 50M->17M(512M) 5.261ms
[2023-06-26T23:05:13.943-0500][1.222s] GC(1) User=0.00s Sys=0.00s Real=0.01s
[2023-06-26T23:05:14.530-0500][1.809s] GC(2) Pause Young (Normal) (G1 Evacuation Pause)
[2023-06-26T23:05:14.530-0500][1.809s] GC(2) Using 10 workers of 10 for evacuation
[2023-06-26T23:05:14.533-0500][1.812s] GC(2)   Pre Evacuate Collection Set: 0.0ms
[2023-06-26T23:05:14.533-0500][1.812s] GC(2)   Merge Heap Roots: 0.0ms
[2023-06-26T23:05:14.533-0500][1.812s] GC(2)   Evacuate Collection Set: 2.7ms
[2023-06-26T23:05:14.533-0500][1.812s] GC(2)   Post Evacuate Collection Set: 0.3ms
[2023-06-26T23:05:14.533-0500][1.812s] GC(2)   Other: 0.2ms
[2023-06-26T23:05:14.533-0500][1.812s] GC(2) Eden regions: 301->0(296)
[2023-06-26T23:05:14.533-0500][1.812s] GC(2) Survivor regions: 6->11(39)
[2023-06-26T23:05:14.533-0500][1.812s] GC(2) Old regions: 8->8
[2023-06-26T23:05:14.533-0500][1.813s] GC(2) Archive regions: 0->0
[2023-06-26T23:05:14.533-0500][1.813s] GC(2) Humongous regions: 4->4
[2023-06-26T23:05:14.533-0500][1.813s] GC(2) Metaspace: 18592K(18880K)->18592K(18880K) NonClass: 16438K(16576K)->16438K(16576K) Class: 2153K(2304K)->2153K(2304K)
[2023-06-26T23:05:14.533-0500][1.813s] GC(2) Pause Young (Normal) (G1 Evacuation Pause) 318M->22M(512M) 3.378ms
[2023-06-26T23:05:14.533-0500][1.813s] GC(2) User=0.00s Sys=0.00s Real=0.00s
[2023-06-26T23:05:14.688-0500][1.967s] GC(3) Pause Young (Concurrent Start) (Metadata GC Threshold)
[2023-06-26T23:05:14.688-0500][1.967s] GC(3) Using 10 workers of 10 for evacuation
[2023-06-26T23:05:14.690-0500][1.970s] GC(3)   Pre Evacuate Collection Set: 0.1ms
[2023-06-26T23:05:14.691-0500][1.970s] GC(3)   Merge Heap Roots: 0.1ms
[2023-06-26T23:05:14.691-0500][1.970s] GC(3)   Evacuate Collection Set: 2.2ms
[2023-06-26T23:05:14.691-0500][1.970s] GC(3)   Post Evacuate Collection Set: 0.4ms
[2023-06-26T23:05:14.691-0500][1.970s] GC(3)   Other: 0.2ms
[2023-06-26T23:05:14.691-0500][1.970s] GC(3) Eden regions: 35->0(295)
[2023-06-26T23:05:14.691-0500][1.970s] GC(3) Survivor regions: 11->12(39)
[2023-06-26T23:05:14.691-0500][1.970s] GC(3) Old regions: 8->8
[2023-06-26T23:05:14.691-0500][1.970s] GC(3) Archive regions: 0->0
[2023-06-26T23:05:14.691-0500][1.970s] GC(3) Humongous regions: 4->4
[2023-06-26T23:05:14.691-0500][1.970s] GC(3) Metaspace: 21227K(21504K)->21227K(21504K) NonClass: 18769K(18880K)->18769K(18880K) Class: 2457K(2624K)->2457K(2624K)
[2023-06-26T23:05:14.691-0500][1.970s] GC(3) Pause Young (Concurrent Start) (Metadata GC Threshold) 57M->23M(512M) 3.046ms
[2023-06-26T23:05:14.691-0500][1.970s] GC(3) User=0.00s Sys=0.00s Real=0.00s
[2023-06-26T23:05:14.691-0500][1.970s] GC(4) Concurrent Mark Cycle
[2023-06-26T23:05:14.691-0500][1.970s] GC(4) Concurrent Clear Claimed Marks
[2023-06-26T23:05:14.691-0500][1.970s] GC(4) Concurrent Clear Claimed Marks 0.035ms
[2023-06-26T23:05:14.691-0500][1.970s] GC(4) Concurrent Scan Root Regions
[2023-06-26T23:05:14.692-0500][1.972s] GC(4) Concurrent Scan Root Regions 1.200ms
[2023-06-26T23:05:14.692-0500][1.972s] GC(4) Concurrent Mark
[2023-06-26T23:05:14.692-0500][1.972s] GC(4) Concurrent Mark From Roots
[2023-06-26T23:05:14.692-0500][1.972s] GC(4) Using 3 workers of 3 for marking
[2023-06-26T23:05:14.695-0500][1.975s] GC(4) Concurrent Mark From Roots 3.032ms
[2023-06-26T23:05:14.695-0500][1.975s] GC(4) Concurrent Preclean
[2023-06-26T23:05:14.695-0500][1.975s] GC(4) Concurrent Preclean 0.057ms
[2023-06-26T23:05:14.695-0500][1.975s] GC(4) Pause Remark
[2023-06-26T23:05:14.696-0500][1.976s] GC(4) Pause Remark 24M->24M(512M) 1.040ms
[2023-06-26T23:05:14.696-0500][1.976s] GC(4) User=0.00s Sys=0.00s Real=0.00s
[2023-06-26T23:05:14.696-0500][1.976s] GC(4) Concurrent Mark 4.477ms
[2023-06-26T23:05:14.696-0500][1.976s] GC(4) Concurrent Rebuild Remembered Sets
[2023-06-26T23:05:14.698-0500][1.978s] GC(4) Concurrent Rebuild Remembered Sets 1.638ms
[2023-06-26T23:05:14.698-0500][1.978s] GC(4) Pause Cleanup
[2023-06-26T23:05:14.698-0500][1.978s] GC(4) Pause Cleanup 24M->24M(512M) 0.074ms
[2023-06-26T23:05:14.698-0500][1.978s] GC(4) User=0.00s Sys=0.00s Real=0.00s
[2023-06-26T23:05:14.698-0500][1.978s] GC(4) Concurrent Cleanup for Next Mark
[2023-06-26T23:05:14.699-0500][1.979s] GC(4) Concurrent Cleanup for Next Mark 0.598ms
[2023-06-26T23:05:14.699-0500][1.979s] GC(4) Concurrent Mark Cycle 8.347ms
[2023-06-26T23:05:15.761-0500][3.041s] GC(5) Pause Young (Concurrent Start) (Metadata GC Threshold)
[2023-06-26T23:05:15.761-0500][3.041s] GC(5) Using 10 workers of 10 for evacuation
[2023-06-26T23:05:15.767-0500][3.047s] GC(5)   Pre Evacuate Collection Set: 0.1ms
[2023-06-26T23:05:15.767-0500][3.047s] GC(5)   Merge Heap Roots: 0.0ms
[2023-06-26T23:05:15.767-0500][3.047s] GC(5)   Evacuate Collection Set: 4.8ms
[2023-06-26T23:05:15.767-0500][3.047s] GC(5)   Post Evacuate Collection Set: 0.4ms
[2023-06-26T23:05:15.767-0500][3.047s] GC(5)   Other: 0.1ms
[2023-06-26T23:05:15.767-0500][3.047s] GC(5) Eden regions: 158->0(288)
[2023-06-26T23:05:15.767-0500][3.047s] GC(5) Survivor regions: 12->19(39)
[2023-06-26T23:05:15.767-0500][3.047s] GC(5) Old regions: 8->8
[2023-06-26T23:05:15.767-0500][3.047s] GC(5) Archive regions: 0->0
[2023-06-26T23:05:15.767-0500][3.047s] GC(5) Humongous regions: 5->4
[2023-06-26T23:05:15.767-0500][3.047s] GC(5) Metaspace: 35789K(36096K)->35789K(36096K) NonClass: 31541K(31680K)->31541K(31680K) Class: 4248K(4416K)->4248K(4416K)
[2023-06-26T23:05:15.767-0500][3.047s] GC(5) Pause Young (Concurrent Start) (Metadata GC Threshold) 181M->30M(512M) 5.516ms
[2023-06-26T23:05:15.767-0500][3.047s] GC(5) User=0.00s Sys=0.00s Real=0.01s
[2023-06-26T23:05:15.767-0500][3.047s] GC(6) Concurrent Mark Cycle
[2023-06-26T23:05:15.767-0500][3.047s] GC(6) Concurrent Clear Claimed Marks
[2023-06-26T23:05:15.767-0500][3.047s] GC(6) Concurrent Clear Claimed Marks 0.025ms
[2023-06-26T23:05:15.767-0500][3.047s] GC(6) Concurrent Scan Root Regions
[2023-06-26T23:05:15.769-0500][3.049s] GC(6) Concurrent Scan Root Regions 2.329ms
[2023-06-26T23:05:15.769-0500][3.049s] GC(6) Concurrent Mark
[2023-06-26T23:05:15.769-0500][3.049s] GC(6) Concurrent Mark From Roots
[2023-06-26T23:05:15.769-0500][3.049s] GC(6) Using 3 workers of 3 for marking
[2023-06-26T23:05:15.773-0500][3.053s] GC(6) Concurrent Mark From Roots 3.940ms
[2023-06-26T23:05:15.773-0500][3.053s] GC(6) Concurrent Preclean
[2023-06-26T23:05:15.773-0500][3.053s] GC(6) Concurrent Preclean 0.058ms
[2023-06-26T23:05:15.774-0500][3.053s] GC(6) Pause Remark
[2023-06-26T23:05:15.775-0500][3.054s] GC(6) Pause Remark 32M->32M(512M) 0.997ms
[2023-06-26T23:05:15.775-0500][3.055s] GC(6) User=0.00s Sys=0.00s Real=0.00s
[2023-06-26T23:05:15.775-0500][3.055s] GC(6) Concurrent Mark 5.274ms
[2023-06-26T23:05:15.775-0500][3.055s] GC(6) Concurrent Rebuild Remembered Sets
[2023-06-26T23:05:15.777-0500][3.057s] GC(6) Concurrent Rebuild Remembered Sets 2.056ms
[2023-06-26T23:05:15.777-0500][3.057s] GC(6) Pause Cleanup
[2023-06-26T23:05:15.777-0500][3.057s] GC(6) Pause Cleanup 32M->32M(512M) 0.060ms
[2023-06-26T23:05:15.777-0500][3.057s] GC(6) User=0.00s Sys=0.00s Real=0.00s
[2023-06-26T23:05:15.777-0500][3.057s] GC(6) Concurrent Cleanup for Next Mark
[2023-06-26T23:05:15.778-0500][3.058s] GC(6) Concurrent Cleanup for Next Mark 0.664ms
[2023-06-26T23:05:15.778-0500][3.058s] GC(6) Concurrent Mark Cycle 10.668ms
[2023-06-26T23:05:23.925-0500][11.204s] GC(7) Pause Young (Normal) (G1 Evacuation Pause)
[2023-06-26T23:05:23.925-0500][11.204s] GC(7) Using 10 workers of 10 for evacuation
[2023-06-26T23:05:23.934-0500][11.213s] GC(7)   Pre Evacuate Collection Set: 0.0ms
[2023-06-26T23:05:23.934-0500][11.213s] GC(7)   Merge Heap Roots: 0.0ms
[2023-06-26T23:05:23.934-0500][11.213s] GC(7)   Evacuate Collection Set: 8.0ms
[2023-06-26T23:05:23.934-0500][11.213s] GC(7)   Post Evacuate Collection Set: 1.0ms
[2023-06-26T23:05:23.934-0500][11.213s] GC(7)   Other: 0.1ms
[2023-06-26T23:05:23.934-0500][11.213s] GC(7) Eden regions: 288->0(277)
[2023-06-26T23:05:23.934-0500][11.213s] GC(7) Survivor regions: 19->30(39)
[2023-06-26T23:05:23.934-0500][11.213s] GC(7) Old regions: 8->8
[2023-06-26T23:05:23.934-0500][11.214s] GC(7) Archive regions: 0->0
[2023-06-26T23:05:23.934-0500][11.214s] GC(7) Humongous regions: 4->4
[2023-06-26T23:05:23.934-0500][11.214s] GC(7) Metaspace: 52460K(52992K)->52460K(52992K) NonClass: 45937K(46208K)->45937K(46208K) Class: 6522K(6784K)->6522K(6784K)
[2023-06-26T23:05:23.934-0500][11.214s] GC(7) Pause Young (Normal) (G1 Evacuation Pause) 318M->41M(512M) 9.364ms
[2023-06-26T23:05:23.934-0500][11.214s] GC(7) User=0.17s Sys=0.00s Real=0.01s
[2023-06-26T23:05:24.157-0500][11.437s] GC(8) Pause Young (Normal) (G1 Evacuation Pause)
[2023-06-26T23:05:24.157-0500][11.437s] GC(8) Using 10 workers of 10 for evacuation
[2023-06-26T23:05:24.164-0500][11.444s] GC(8)   Pre Evacuate Collection Set: 0.0ms
[2023-06-26T23:05:24.164-0500][11.444s] GC(8)   Merge Heap Roots: 0.0ms
[2023-06-26T23:05:24.164-0500][11.444s] GC(8)   Evacuate Collection Set: 5.9ms
[2023-06-26T23:05:24.164-0500][11.444s] GC(8)   Post Evacuate Collection Set: 0.8ms
[2023-06-26T23:05:24.164-0500][11.444s] GC(8)   Other: 0.2ms
[2023-06-26T23:05:24.164-0500][11.444s] GC(8) Eden regions: 277->0(285)
[2023-06-26T23:05:24.164-0500][11.444s] GC(8) Survivor regions: 30->22(39)
[2023-06-26T23:05:24.164-0500][11.444s] GC(8) Old regions: 8->19
[2023-06-26T23:05:24.164-0500][11.444s] GC(8) Archive regions: 0->0
[2023-06-26T23:05:24.164-0500][11.444s] GC(8) Humongous regions: 4->4
[2023-06-26T23:05:24.164-0500][11.444s] GC(8) Metaspace: 52653K(53184K)->52653K(53184K) NonClass: 46129K(46400K)->46129K(46400K) Class: 6523K(6784K)->6523K(6784K)
[2023-06-26T23:05:24.164-0500][11.444s] GC(8) Pause Young (Normal) (G1 Evacuation Pause) 318M->43M(512M) 7.094ms
[2023-06-26T23:05:24.165-0500][11.445s] GC(8) User=0.03s Sys=0.00s Real=0.01s
[2023-06-26T23:07:57.116-0500][164.396s] GC(9) Pause Young (Normal) (G1 Evacuation Pause)
[2023-06-26T23:07:57.116-0500][164.396s] GC(9) Using 10 workers of 10 for evacuation
[2023-06-26T23:07:57.123-0500][164.403s] GC(9)   Pre Evacuate Collection Set: 0.1ms
[2023-06-26T23:07:57.123-0500][164.403s] GC(9)   Merge Heap Roots: 0.0ms
[2023-06-26T23:07:57.123-0500][164.403s] GC(9)   Evacuate Collection Set: 5.8ms
[2023-06-26T23:07:57.123-0500][164.403s] GC(9)   Post Evacuate Collection Set: 0.8ms
[2023-06-26T23:07:57.123-0500][164.403s] GC(9)   Other: 0.2ms
[2023-06-26T23:07:57.123-0500][164.403s] GC(9) Eden regions: 285->0(280)
[2023-06-26T23:07:57.123-0500][164.403s] GC(9) Survivor regions: 22->27(39)
[2023-06-26T23:07:57.123-0500][164.403s] GC(9) Old regions: 19->19
[2023-06-26T23:07:57.123-0500][164.403s] GC(9) Archive regions: 0->0
[2023-06-26T23:07:57.123-0500][164.403s] GC(9) Humongous regions: 4->4
[2023-06-26T23:07:57.123-0500][164.403s] GC(9) Metaspace: 53541K(54080K)->53541K(54080K) NonClass: 46973K(47232K)->46973K(47232K) Class: 6567K(6848K)->6567K(6848K)
[2023-06-26T23:07:57.123-0500][164.403s] GC(9) Pause Young (Normal) (G1 Evacuation Pause) 328M->49M(512M) 6.944ms
[2023-06-26T23:07:57.123-0500][164.403s] GC(9) User=0.17s Sys=0.02s Real=0.01s
[2023-06-26T23:15:09.946-0500][597.226s] Heap
[2023-06-26T23:15:09.946-0500][597.226s]  garbage-first heap   total 524288K, used 258033K [0x00000000e0000000, 0x0000000100000000)
[2023-06-26T23:15:09.946-0500][597.226s]   region size 1024K, 230 young (235520K), 27 survivors (27648K)
[2023-06-26T23:15:09.946-0500][597.226s]  Metaspace       used 54479K, committed 54976K, reserved 1097728K
[2023-06-26T23:15:09.946-0500][597.226s]   class space    used 6626K, committed 6912K, reserved 1048576K
