[2023-06-27T15:14:11.108-0500][0.012s] Using G1
[2023-06-27T15:14:11.250-0500][0.153s] Version: 17.0.7+8-LTS-224 (release)
[2023-06-27T15:14:11.250-0500][0.153s] CPUs: 8 total, 8 available
[2023-06-27T15:14:11.250-0500][0.153s] Memory: 16328M
[2023-06-27T15:14:11.250-0500][0.153s] Large Page Support: Disabled
[2023-06-27T15:14:11.250-0500][0.153s] NUMA Support: Disabled
[2023-06-27T15:14:11.250-0500][0.153s] Compressed Oops: Enabled (32-bit)
[2023-06-27T15:14:11.250-0500][0.153s] Heap Region Size: 1M
[2023-06-27T15:14:11.250-0500][0.153s] Heap Min Capacity: 512M
[2023-06-27T15:14:11.250-0500][0.153s] Heap Initial Capacity: 512M
[2023-06-27T15:14:11.250-0500][0.153s] Heap Max Capacity: 512M
[2023-06-27T15:14:11.250-0500][0.153s] Pre-touch: Enabled
[2023-06-27T15:14:11.250-0500][0.153s] Parallel Workers: 8
[2023-06-27T15:14:11.250-0500][0.153s] Concurrent Workers: 2
[2023-06-27T15:14:11.250-0500][0.153s] Concurrent Refinement Workers: 8
[2023-06-27T15:14:11.250-0500][0.153s] Periodic GC: Disabled
[2023-06-27T15:14:11.251-0500][0.154s] CDS archive(s) mapped at: [0x0000000800000000-0x0000000800bd0000-0x0000000800bd0000), size 12386304, SharedBaseAddress: 0x0000000800000000, ArchiveRelocationMode: 0.
[2023-06-27T15:14:11.251-0500][0.154s] Compressed class space mapped at: 0x0000000800c00000-0x0000000840c00000, reserved size: 1073741824
[2023-06-27T15:14:11.251-0500][0.154s] Narrow klass base: 0x0000000800000000, Narrow klass shift: 0, Narrow klass range: 0x100000000
[2023-06-27T15:14:12.616-0500][1.520s] GC(0) Pause Young (Normal) (G1 Evacuation Pause)
[2023-06-27T15:14:12.616-0500][1.520s] GC(0) Using 8 workers of 8 for evacuation
[2023-06-27T15:14:12.619-0500][1.523s] GC(0)   Pre Evacuate Collection Set: 0.0ms
[2023-06-27T15:14:12.620-0500][1.523s] GC(0)   Merge Heap Roots: 0.1ms
[2023-06-27T15:14:12.620-0500][1.523s] GC(0)   Evacuate Collection Set: 2.6ms
[2023-06-27T15:14:12.620-0500][1.523s] GC(0)   Post Evacuate Collection Set: 0.3ms
[2023-06-27T15:14:12.620-0500][1.523s] GC(0)   Other: 0.3ms
[2023-06-27T15:14:12.620-0500][1.523s] GC(0) Eden regions: 29->0(40)
[2023-06-27T15:14:12.620-0500][1.523s] GC(0) Survivor regions: 0->4(4)
[2023-06-27T15:14:12.620-0500][1.523s] GC(0) Old regions: 0->1
[2023-06-27T15:14:12.620-0500][1.523s] GC(0) Archive regions: 0->0
[2023-06-27T15:14:12.620-0500][1.523s] GC(0) Humongous regions: 0->0
[2023-06-27T15:14:12.620-0500][1.523s] GC(0) Metaspace: 8877K(9152K)->8877K(9152K) NonClass: 7849K(8000K)->7849K(8000K) Class: 1028K(1152K)->1028K(1152K)
[2023-06-27T15:14:12.620-0500][1.523s] GC(0) Pause Young (Normal) (G1 Evacuation Pause) 29M->4M(512M) 3.568ms
[2023-06-27T15:14:12.620-0500][1.523s] GC(0) User=0.11s Sys=0.00s Real=0.00s
[2023-06-27T15:14:13.414-0500][2.318s] GC(1) Pause Young (Normal) (G1 Evacuation Pause)
[2023-06-27T15:14:13.415-0500][2.318s] GC(1) Using 8 workers of 8 for evacuation
[2023-06-27T15:14:13.424-0500][2.328s] GC(1)   Pre Evacuate Collection Set: 0.1ms
[2023-06-27T15:14:13.424-0500][2.328s] GC(1)   Merge Heap Roots: 0.0ms
[2023-06-27T15:14:13.424-0500][2.328s] GC(1)   Evacuate Collection Set: 9.0ms
[2023-06-27T15:14:13.424-0500][2.328s] GC(1)   Post Evacuate Collection Set: 0.5ms
[2023-06-27T15:14:13.424-0500][2.328s] GC(1)   Other: 0.2ms
[2023-06-27T15:14:13.424-0500][2.328s] GC(1) Eden regions: 40->0(78)
[2023-06-27T15:14:13.424-0500][2.328s] GC(1) Survivor regions: 4->6(6)
[2023-06-27T15:14:13.424-0500][2.328s] GC(1) Old regions: 1->9
[2023-06-27T15:14:13.424-0500][2.328s] GC(1) Archive regions: 0->0
[2023-06-27T15:14:13.424-0500][2.328s] GC(1) Humongous regions: 4->4
[2023-06-27T15:14:13.424-0500][2.328s] GC(1) Metaspace: 18199K(18496K)->18199K(18496K) NonClass: 16064K(16192K)->16064K(16192K) Class: 2134K(2304K)->2134K(2304K)
[2023-06-27T15:14:13.424-0500][2.328s] GC(1) Pause Young (Normal) (G1 Evacuation Pause) 48M->18M(512M) 9.861ms
[2023-06-27T15:14:13.424-0500][2.328s] GC(1) User=0.02s Sys=0.00s Real=0.01s
[2023-06-27T15:14:13.827-0500][2.730s] GC(2) Pause Young (Normal) (G1 Evacuation Pause)
[2023-06-27T15:14:13.827-0500][2.730s] GC(2) Using 8 workers of 8 for evacuation
[2023-06-27T15:14:13.830-0500][2.733s] GC(2)   Pre Evacuate Collection Set: 0.1ms
[2023-06-27T15:14:13.830-0500][2.733s] GC(2)   Merge Heap Roots: 0.1ms
[2023-06-27T15:14:13.830-0500][2.734s] GC(2)   Evacuate Collection Set: 2.5ms
[2023-06-27T15:14:13.830-0500][2.734s] GC(2)   Post Evacuate Collection Set: 0.3ms
[2023-06-27T15:14:13.830-0500][2.734s] GC(2)   Other: 0.2ms
[2023-06-27T15:14:13.830-0500][2.734s] GC(2) Eden regions: 75->0(303)
[2023-06-27T15:14:13.830-0500][2.734s] GC(2) Survivor regions: 6->4(11)
[2023-06-27T15:14:13.830-0500][2.734s] GC(2) Old regions: 9->15
[2023-06-27T15:14:13.830-0500][2.734s] GC(2) Archive regions: 0->0
[2023-06-27T15:14:13.830-0500][2.734s] GC(2) Humongous regions: 4->4
[2023-06-27T15:14:13.830-0500][2.734s] GC(2) Metaspace: 18408K(18688K)->18408K(18688K) NonClass: 16270K(16384K)->16270K(16384K) Class: 2137K(2304K)->2137K(2304K)
[2023-06-27T15:14:13.830-0500][2.734s] GC(2) Pause Young (Normal) (G1 Evacuation Pause) 93M->22M(512M) 3.338ms
[2023-06-27T15:14:13.830-0500][2.734s] GC(2) User=0.00s Sys=0.00s Real=0.00s
[2023-06-27T15:14:14.273-0500][3.176s] GC(3) Pause Young (Concurrent Start) (Metadata GC Threshold)
[2023-06-27T15:14:14.273-0500][3.176s] GC(3) Using 8 workers of 8 for evacuation
[2023-06-27T15:14:14.275-0500][3.178s] GC(3)   Pre Evacuate Collection Set: 0.1ms
[2023-06-27T15:14:14.275-0500][3.178s] GC(3)   Merge Heap Roots: 0.1ms
[2023-06-27T15:14:14.275-0500][3.178s] GC(3)   Evacuate Collection Set: 1.1ms
[2023-06-27T15:14:14.275-0500][3.178s] GC(3)   Post Evacuate Collection Set: 0.5ms
[2023-06-27T15:14:14.275-0500][3.178s] GC(3)   Other: 0.2ms
[2023-06-27T15:14:14.275-0500][3.178s] GC(3) Eden regions: 29->0(302)
[2023-06-27T15:14:14.275-0500][3.178s] GC(3) Survivor regions: 4->5(39)
[2023-06-27T15:14:14.275-0500][3.178s] GC(3) Old regions: 15->15
[2023-06-27T15:14:14.275-0500][3.178s] GC(3) Archive regions: 0->0
[2023-06-27T15:14:14.275-0500][3.178s] GC(3) Humongous regions: 4->4
[2023-06-27T15:14:14.275-0500][3.178s] GC(3) Metaspace: 21210K(21504K)->21210K(21504K) NonClass: 18748K(18880K)->18748K(18880K) Class: 2462K(2624K)->2462K(2624K)
[2023-06-27T15:14:14.275-0500][3.179s] GC(3) Pause Young (Concurrent Start) (Metadata GC Threshold) 51M->23M(512M) 2.125ms
[2023-06-27T15:14:14.275-0500][3.179s] GC(3) User=0.06s Sys=0.00s Real=0.00s
[2023-06-27T15:14:14.275-0500][3.179s] GC(4) Concurrent Mark Cycle
[2023-06-27T15:14:14.275-0500][3.179s] GC(4) Concurrent Clear Claimed Marks
[2023-06-27T15:14:14.276-0500][3.179s] GC(4) Concurrent Clear Claimed Marks 0.023ms
[2023-06-27T15:14:14.276-0500][3.179s] GC(4) Concurrent Scan Root Regions
[2023-06-27T15:14:14.276-0500][3.179s] GC(4) Concurrent Scan Root Regions 0.755ms
[2023-06-27T15:14:14.276-0500][3.179s] GC(4) Concurrent Mark
[2023-06-27T15:14:14.276-0500][3.179s] GC(4) Concurrent Mark From Roots
[2023-06-27T15:14:14.276-0500][3.179s] GC(4) Using 2 workers of 2 for marking
[2023-06-27T15:14:14.286-0500][3.189s] GC(4) Concurrent Mark From Roots 9.251ms
[2023-06-27T15:14:14.286-0500][3.189s] GC(4) Concurrent Preclean
[2023-06-27T15:14:14.286-0500][3.189s] GC(4) Concurrent Preclean 0.069ms
[2023-06-27T15:14:14.286-0500][3.189s] GC(4) Pause Remark
[2023-06-27T15:14:14.287-0500][3.190s] GC(4) Pause Remark 24M->24M(512M) 1.214ms
[2023-06-27T15:14:14.287-0500][3.190s] GC(4) User=0.00s Sys=0.00s Real=0.00s
[2023-06-27T15:14:14.287-0500][3.190s] GC(4) Concurrent Mark 10.877ms
[2023-06-27T15:14:14.287-0500][3.190s] GC(4) Concurrent Rebuild Remembered Sets
[2023-06-27T15:14:14.291-0500][3.194s] GC(4) Concurrent Rebuild Remembered Sets 4.103ms
[2023-06-27T15:14:14.292-0500][3.195s] GC(4) Pause Cleanup
[2023-06-27T15:14:14.292-0500][3.195s] GC(4) Pause Cleanup 25M->25M(512M) 0.132ms
[2023-06-27T15:14:14.292-0500][3.195s] GC(4) User=0.00s Sys=0.00s Real=0.00s
[2023-06-27T15:14:14.292-0500][3.195s] GC(4) Concurrent Cleanup for Next Mark
[2023-06-27T15:14:14.293-0500][3.196s] GC(4) Concurrent Cleanup for Next Mark 1.046ms
[2023-06-27T15:14:14.293-0500][3.196s] GC(4) Concurrent Mark Cycle 17.412ms
[2023-06-27T15:14:15.600-0500][4.503s] GC(5) Pause Young (Concurrent Start) (Metadata GC Threshold)
[2023-06-27T15:14:15.600-0500][4.503s] GC(5) Using 8 workers of 8 for evacuation
[2023-06-27T15:14:15.605-0500][4.509s] GC(5)   Pre Evacuate Collection Set: 0.1ms
[2023-06-27T15:14:15.605-0500][4.509s] GC(5)   Merge Heap Roots: 0.1ms
[2023-06-27T15:14:15.605-0500][4.509s] GC(5)   Evacuate Collection Set: 4.9ms
[2023-06-27T15:14:15.605-0500][4.509s] GC(5)   Post Evacuate Collection Set: 0.6ms
[2023-06-27T15:14:15.605-0500][4.509s] GC(5)   Other: 0.1ms
[2023-06-27T15:14:15.605-0500][4.509s] GC(5) Eden regions: 102->0(295)
[2023-06-27T15:14:15.606-0500][4.509s] GC(5) Survivor regions: 5->12(39)
[2023-06-27T15:14:15.606-0500][4.509s] GC(5) Old regions: 15->15
[2023-06-27T15:14:15.606-0500][4.509s] GC(5) Archive regions: 0->0
[2023-06-27T15:14:15.606-0500][4.509s] GC(5) Humongous regions: 5->4
[2023-06-27T15:14:15.606-0500][4.509s] GC(5) Metaspace: 35820K(36160K)->35820K(36160K) NonClass: 31552K(31744K)->31552K(31744K) Class: 4268K(4416K)->4268K(4416K)
[2023-06-27T15:14:15.606-0500][4.509s] GC(5) Pause Young (Concurrent Start) (Metadata GC Threshold) 126M->30M(512M) 5.984ms
[2023-06-27T15:14:15.606-0500][4.509s] GC(5) User=0.11s Sys=0.00s Real=0.01s
[2023-06-27T15:14:15.606-0500][4.509s] GC(6) Concurrent Mark Cycle
[2023-06-27T15:14:15.606-0500][4.509s] GC(6) Concurrent Clear Claimed Marks
[2023-06-27T15:14:15.606-0500][4.509s] GC(6) Concurrent Clear Claimed Marks 0.022ms
[2023-06-27T15:14:15.606-0500][4.509s] GC(6) Concurrent Scan Root Regions
[2023-06-27T15:14:15.608-0500][4.511s] GC(6) Concurrent Scan Root Regions 2.163ms
[2023-06-27T15:14:15.608-0500][4.511s] GC(6) Concurrent Mark
[2023-06-27T15:14:15.608-0500][4.511s] GC(6) Concurrent Mark From Roots
[2023-06-27T15:14:15.608-0500][4.511s] GC(6) Using 2 workers of 2 for marking
[2023-06-27T15:14:15.620-0500][4.523s] GC(6) Concurrent Mark From Roots 11.993ms
[2023-06-27T15:14:15.620-0500][4.524s] GC(6) Concurrent Preclean
[2023-06-27T15:14:15.620-0500][4.524s] GC(6) Concurrent Preclean 0.068ms
[2023-06-27T15:14:15.620-0500][4.524s] GC(6) Pause Remark
[2023-06-27T15:14:15.623-0500][4.526s] GC(6) Pause Remark 32M->32M(512M) 2.450ms
[2023-06-27T15:14:15.623-0500][4.526s] GC(6) User=0.00s Sys=0.00s Real=0.00s
[2023-06-27T15:14:15.623-0500][4.526s] GC(6) Concurrent Mark 14.910ms
[2023-06-27T15:14:15.623-0500][4.526s] GC(6) Concurrent Rebuild Remembered Sets
[2023-06-27T15:14:15.627-0500][4.531s] GC(6) Concurrent Rebuild Remembered Sets 4.573ms
[2023-06-27T15:14:15.628-0500][4.531s] GC(6) Pause Cleanup
[2023-06-27T15:14:15.628-0500][4.531s] GC(6) Pause Cleanup 32M->32M(512M) 0.126ms
[2023-06-27T15:14:15.628-0500][4.531s] GC(6) User=0.00s Sys=0.00s Real=0.00s
[2023-06-27T15:14:15.629-0500][4.532s] GC(6) Concurrent Cleanup for Next Mark
[2023-06-27T15:14:15.630-0500][4.534s] GC(6) Concurrent Cleanup for Next Mark 1.627ms
[2023-06-27T15:14:15.630-0500][4.534s] GC(6) Concurrent Mark Cycle 24.729ms
[2023-06-27T16:01:11.464-0500][2820.284s] GC(7) Pause Young (Normal) (G1 Evacuation Pause)
[2023-06-27T16:01:11.464-0500][2820.284s] GC(7) Using 8 workers of 8 for evacuation
[2023-06-27T16:01:11.497-0500][2820.316s] GC(7)   Pre Evacuate Collection Set: 0.3ms
[2023-06-27T16:01:11.497-0500][2820.316s] GC(7)   Merge Heap Roots: 0.1ms
[2023-06-27T16:01:11.497-0500][2820.316s] GC(7)   Evacuate Collection Set: 30.9ms
[2023-06-27T16:01:11.497-0500][2820.317s] GC(7)   Post Evacuate Collection Set: 1.2ms
[2023-06-27T16:01:11.497-0500][2820.317s] GC(7)   Other: 0.3ms
[2023-06-27T16:01:11.497-0500][2820.317s] GC(7) Eden regions: 295->0(277)
[2023-06-27T16:01:11.497-0500][2820.317s] GC(7) Survivor regions: 12->30(39)
[2023-06-27T16:01:11.497-0500][2820.317s] GC(7) Old regions: 15->15
[2023-06-27T16:01:11.497-0500][2820.317s] GC(7) Archive regions: 0->0
[2023-06-27T16:01:11.497-0500][2820.317s] GC(7) Humongous regions: 5->4
[2023-06-27T16:01:11.497-0500][2820.317s] GC(7) Metaspace: 55949K(56448K)->55949K(56448K) NonClass: 49026K(49280K)->49026K(49280K) Class: 6923K(7168K)->6923K(7168K)
[2023-06-27T16:01:11.497-0500][2820.317s] GC(7) Pause Young (Normal) (G1 Evacuation Pause) 326M->48M(512M) 33.034ms
[2023-06-27T16:01:11.497-0500][2820.317s] GC(7) User=0.05s Sys=0.19s Real=0.03s
[2023-06-27T16:15:48.867-0500][3697.664s] GC(8) Pause Young (Normal) (G1 Evacuation Pause)
[2023-06-27T16:15:48.867-0500][3697.665s] GC(8) Using 8 workers of 8 for evacuation
[2023-06-27T16:15:48.901-0500][3697.698s] GC(8)   Pre Evacuate Collection Set: 0.1ms
[2023-06-27T16:15:48.901-0500][3697.698s] GC(8)   Merge Heap Roots: 0.1ms
[2023-06-27T16:15:48.901-0500][3697.698s] GC(8)   Evacuate Collection Set: 31.7ms
[2023-06-27T16:15:48.901-0500][3697.698s] GC(8)   Post Evacuate Collection Set: 1.4ms
[2023-06-27T16:15:48.901-0500][3697.698s] GC(8)   Other: 0.2ms
[2023-06-27T16:15:48.901-0500][3697.698s] GC(8) Eden regions: 277->0(284)
[2023-06-27T16:15:48.901-0500][3697.698s] GC(8) Survivor regions: 30->23(39)
[2023-06-27T16:15:48.901-0500][3697.698s] GC(8) Old regions: 15->26
[2023-06-27T16:15:48.901-0500][3697.698s] GC(8) Archive regions: 0->0
[2023-06-27T16:15:48.901-0500][3697.698s] GC(8) Humongous regions: 4->4
[2023-06-27T16:15:48.901-0500][3697.698s] GC(8) Metaspace: 57361K(57920K)->57361K(57920K) NonClass: 50350K(50624K)->50350K(50624K) Class: 7010K(7296K)->7010K(7296K)
[2023-06-27T16:15:48.901-0500][3697.698s] GC(8) Pause Young (Normal) (G1 Evacuation Pause) 325M->52M(512M) 33.630ms
[2023-06-27T16:15:48.901-0500][3697.698s] GC(8) User=0.11s Sys=0.05s Real=0.03s
