[2023-06-26T23:15:34.483-0500][0.009s] Using G1
[2023-06-26T23:15:34.583-0500][0.108s] Version: 17.0.7+8-LTS-224 (release)
[2023-06-26T23:15:34.583-0500][0.109s] CPUs: 12 total, 12 available
[2023-06-26T23:15:34.583-0500][0.109s] Memory: 16281M
[2023-06-26T23:15:34.583-0500][0.109s] Large Page Support: Disabled
[2023-06-26T23:15:34.583-0500][0.109s] NUMA Support: Disabled
[2023-06-26T23:15:34.583-0500][0.109s] Compressed Oops: Enabled (32-bit)
[2023-06-26T23:15:34.583-0500][0.109s] Heap Region Size: 1M
[2023-06-26T23:15:34.583-0500][0.109s] Heap Min Capacity: 512M
[2023-06-26T23:15:34.583-0500][0.109s] Heap Initial Capacity: 512M
[2023-06-26T23:15:34.583-0500][0.109s] Heap Max Capacity: 512M
[2023-06-26T23:15:34.583-0500][0.109s] Pre-touch: Enabled
[2023-06-26T23:15:34.583-0500][0.109s] Parallel Workers: 10
[2023-06-26T23:15:34.583-0500][0.109s] Concurrent Workers: 3
[2023-06-26T23:15:34.583-0500][0.109s] Concurrent Refinement Workers: 10
[2023-06-26T23:15:34.583-0500][0.109s] Periodic GC: Disabled
[2023-06-26T23:15:34.584-0500][0.110s] CDS archive(s) mapped at: [0x0000000800000000-0x0000000800bd0000-0x0000000800bd0000), size 12386304, SharedBaseAddress: 0x0000000800000000, ArchiveRelocationMode: 0.
[2023-06-26T23:15:34.584-0500][0.110s] Compressed class space mapped at: 0x0000000800c00000-0x0000000840c00000, reserved size: 1073741824
[2023-06-26T23:15:34.584-0500][0.110s] Narrow klass base: 0x0000000800000000, Narrow klass shift: 0, Narrow klass range: 0x100000000
[2023-06-26T23:15:35.040-0500][0.566s] GC(0) Pause Young (Normal) (G1 Evacuation Pause)
[2023-06-26T23:15:35.041-0500][0.567s] GC(0) Using 10 workers of 10 for evacuation
[2023-06-26T23:15:35.043-0500][0.569s] GC(0)   Pre Evacuate Collection Set: 0.0ms
[2023-06-26T23:15:35.043-0500][0.569s] GC(0)   Merge Heap Roots: 0.0ms
[2023-06-26T23:15:35.043-0500][0.569s] GC(0)   Evacuate Collection Set: 1.8ms
[2023-06-26T23:15:35.043-0500][0.569s] GC(0)   Post Evacuate Collection Set: 0.3ms
[2023-06-26T23:15:35.043-0500][0.569s] GC(0)   Other: 0.5ms
[2023-06-26T23:15:35.043-0500][0.569s] GC(0) Eden regions: 29->0(43)
[2023-06-26T23:15:35.043-0500][0.569s] GC(0) Survivor regions: 0->4(4)
[2023-06-26T23:15:35.043-0500][0.569s] GC(0) Old regions: 0->0
[2023-06-26T23:15:35.043-0500][0.569s] GC(0) Archive regions: 0->0
[2023-06-26T23:15:35.043-0500][0.569s] GC(0) Humongous regions: 0->0
[2023-06-26T23:15:35.043-0500][0.569s] GC(0) Metaspace: 5440K(5696K)->5440K(5696K) NonClass: 4851K(4992K)->4851K(4992K) Class: 588K(704K)->588K(704K)
[2023-06-26T23:15:35.043-0500][0.569s] GC(0) Pause Young (Normal) (G1 Evacuation Pause) 29M->3M(512M) 2.707ms
[2023-06-26T23:15:35.043-0500][0.569s] GC(0) User=0.00s Sys=0.00s Real=0.00s
[2023-06-26T23:15:35.712-0500][1.238s] GC(1) Pause Young (Normal) (G1 Evacuation Pause)
[2023-06-26T23:15:35.712-0500][1.238s] GC(1) Using 10 workers of 10 for evacuation
[2023-06-26T23:15:35.717-0500][1.243s] GC(1)   Pre Evacuate Collection Set: 0.0ms
[2023-06-26T23:15:35.717-0500][1.243s] GC(1)   Merge Heap Roots: 0.0ms
[2023-06-26T23:15:35.717-0500][1.243s] GC(1)   Evacuate Collection Set: 4.4ms
[2023-06-26T23:15:35.717-0500][1.243s] GC(1)   Post Evacuate Collection Set: 0.4ms
[2023-06-26T23:15:35.717-0500][1.243s] GC(1)   Other: 0.1ms
[2023-06-26T23:15:35.717-0500][1.243s] GC(1) Eden regions: 43->0(301)
[2023-06-26T23:15:35.717-0500][1.243s] GC(1) Survivor regions: 4->6(6)
[2023-06-26T23:15:35.717-0500][1.243s] GC(1) Old regions: 0->8
[2023-06-26T23:15:35.717-0500][1.243s] GC(1) Archive regions: 0->0
[2023-06-26T23:15:35.717-0500][1.243s] GC(1) Humongous regions: 4->4
[2023-06-26T23:15:35.717-0500][1.243s] GC(1) Metaspace: 17193K(17536K)->17193K(17536K) NonClass: 15199K(15360K)->15199K(15360K) Class: 1993K(2176K)->1993K(2176K)
[2023-06-26T23:15:35.717-0500][1.243s] GC(1) Pause Young (Normal) (G1 Evacuation Pause) 50M->17M(512M) 5.044ms
[2023-06-26T23:15:35.717-0500][1.243s] GC(1) User=0.00s Sys=0.00s Real=0.01s
[2023-06-26T23:15:36.268-0500][1.795s] GC(2) Pause Young (Normal) (G1 Evacuation Pause)
[2023-06-26T23:15:36.268-0500][1.795s] GC(2) Using 10 workers of 10 for evacuation
[2023-06-26T23:15:36.271-0500][1.798s] GC(2)   Pre Evacuate Collection Set: 0.1ms
[2023-06-26T23:15:36.271-0500][1.798s] GC(2)   Merge Heap Roots: 0.0ms
[2023-06-26T23:15:36.272-0500][1.798s] GC(2)   Evacuate Collection Set: 2.5ms
[2023-06-26T23:15:36.272-0500][1.798s] GC(2)   Post Evacuate Collection Set: 0.3ms
[2023-06-26T23:15:36.272-0500][1.798s] GC(2)   Other: 0.2ms
[2023-06-26T23:15:36.272-0500][1.798s] GC(2) Eden regions: 301->0(296)
[2023-06-26T23:15:36.272-0500][1.798s] GC(2) Survivor regions: 6->11(39)
[2023-06-26T23:15:36.272-0500][1.798s] GC(2) Old regions: 8->8
[2023-06-26T23:15:36.272-0500][1.798s] GC(2) Archive regions: 0->0
[2023-06-26T23:15:36.272-0500][1.798s] GC(2) Humongous regions: 4->4
[2023-06-26T23:15:36.272-0500][1.798s] GC(2) Metaspace: 18589K(18880K)->18589K(18880K) NonClass: 16435K(16576K)->16435K(16576K) Class: 2153K(2304K)->2153K(2304K)
[2023-06-26T23:15:36.272-0500][1.798s] GC(2) Pause Young (Normal) (G1 Evacuation Pause) 318M->22M(512M) 3.190ms
[2023-06-26T23:15:36.272-0500][1.798s] GC(2) User=0.00s Sys=0.00s Real=0.00s
[2023-06-26T23:15:36.418-0500][1.944s] GC(3) Pause Young (Concurrent Start) (Metadata GC Threshold)
[2023-06-26T23:15:36.418-0500][1.944s] GC(3) Using 10 workers of 10 for evacuation
[2023-06-26T23:15:36.421-0500][1.947s] GC(3)   Pre Evacuate Collection Set: 0.1ms
[2023-06-26T23:15:36.421-0500][1.947s] GC(3)   Merge Heap Roots: 0.1ms
[2023-06-26T23:15:36.421-0500][1.947s] GC(3)   Evacuate Collection Set: 2.2ms
[2023-06-26T23:15:36.421-0500][1.947s] GC(3)   Post Evacuate Collection Set: 0.4ms
[2023-06-26T23:15:36.421-0500][1.947s] GC(3)   Other: 0.1ms
[2023-06-26T23:15:36.421-0500][1.947s] GC(3) Eden regions: 34->0(294)
[2023-06-26T23:15:36.421-0500][1.947s] GC(3) Survivor regions: 11->13(39)
[2023-06-26T23:15:36.421-0500][1.947s] GC(3) Old regions: 8->8
[2023-06-26T23:15:36.421-0500][1.947s] GC(3) Archive regions: 0->0
[2023-06-26T23:15:36.421-0500][1.947s] GC(3) Humongous regions: 4->4
[2023-06-26T23:15:36.421-0500][1.947s] GC(3) Metaspace: 21216K(21504K)->21216K(21504K) NonClass: 18757K(18880K)->18757K(18880K) Class: 2458K(2624K)->2458K(2624K)
[2023-06-26T23:15:36.421-0500][1.947s] GC(3) Pause Young (Concurrent Start) (Metadata GC Threshold) 56M->23M(512M) 2.967ms
[2023-06-26T23:15:36.421-0500][1.947s] GC(3) User=0.00s Sys=0.00s Real=0.00s
[2023-06-26T23:15:36.421-0500][1.947s] GC(4) Concurrent Mark Cycle
[2023-06-26T23:15:36.421-0500][1.947s] GC(4) Concurrent Clear Claimed Marks
[2023-06-26T23:15:36.421-0500][1.947s] GC(4) Concurrent Clear Claimed Marks 0.031ms
[2023-06-26T23:15:36.421-0500][1.947s] GC(4) Concurrent Scan Root Regions
[2023-06-26T23:15:36.422-0500][1.948s] GC(4) Concurrent Scan Root Regions 1.312ms
[2023-06-26T23:15:36.422-0500][1.948s] GC(4) Concurrent Mark
[2023-06-26T23:15:36.422-0500][1.948s] GC(4) Concurrent Mark From Roots
[2023-06-26T23:15:36.422-0500][1.948s] GC(4) Using 3 workers of 3 for marking
[2023-06-26T23:15:36.425-0500][1.951s] GC(4) Concurrent Mark From Roots 2.954ms
[2023-06-26T23:15:36.425-0500][1.951s] GC(4) Concurrent Preclean
[2023-06-26T23:15:36.426-0500][1.951s] GC(4) Concurrent Preclean 0.078ms
[2023-06-26T23:15:36.426-0500][1.951s] GC(4) Pause Remark
[2023-06-26T23:15:36.427-0500][1.952s] GC(4) Pause Remark 24M->24M(512M) 0.915ms
[2023-06-26T23:15:36.427-0500][1.952s] GC(4) User=0.00s Sys=0.00s Real=0.00s
[2023-06-26T23:15:36.427-0500][1.952s] GC(4) Concurrent Mark 4.239ms
[2023-06-26T23:15:36.427-0500][1.952s] GC(4) Concurrent Rebuild Remembered Sets
[2023-06-26T23:15:36.428-0500][1.954s] GC(4) Concurrent Rebuild Remembered Sets 1.597ms
[2023-06-26T23:15:36.428-0500][1.954s] GC(4) Pause Cleanup
[2023-06-26T23:15:36.429-0500][1.954s] GC(4) Pause Cleanup 24M->24M(512M) 0.097ms
[2023-06-26T23:15:36.429-0500][1.954s] GC(4) User=0.00s Sys=0.00s Real=0.00s
[2023-06-26T23:15:36.429-0500][1.954s] GC(4) Concurrent Cleanup for Next Mark
[2023-06-26T23:15:36.429-0500][1.955s] GC(4) Concurrent Cleanup for Next Mark 0.656ms
[2023-06-26T23:15:36.429-0500][1.955s] GC(4) Concurrent Mark Cycle 8.276ms
[2023-06-26T23:15:37.432-0500][2.958s] GC(5) Pause Young (Concurrent Start) (Metadata GC Threshold)
[2023-06-26T23:15:37.432-0500][2.958s] GC(5) Using 10 workers of 10 for evacuation
[2023-06-26T23:15:37.437-0500][2.963s] GC(5)   Pre Evacuate Collection Set: 0.1ms
[2023-06-26T23:15:37.437-0500][2.963s] GC(5)   Merge Heap Roots: 0.1ms
[2023-06-26T23:15:37.437-0500][2.963s] GC(5)   Evacuate Collection Set: 4.2ms
[2023-06-26T23:15:37.437-0500][2.963s] GC(5)   Post Evacuate Collection Set: 0.4ms
[2023-06-26T23:15:37.437-0500][2.963s] GC(5)   Other: 0.1ms
[2023-06-26T23:15:37.437-0500][2.963s] GC(5) Eden regions: 173->0(288)
[2023-06-26T23:15:37.437-0500][2.963s] GC(5) Survivor regions: 13->19(39)
[2023-06-26T23:15:37.437-0500][2.963s] GC(5) Old regions: 8->8
[2023-06-26T23:15:37.437-0500][2.963s] GC(5) Archive regions: 0->0
[2023-06-26T23:15:37.437-0500][2.963s] GC(5) Humongous regions: 5->4
[2023-06-26T23:15:37.437-0500][2.963s] GC(5) Metaspace: 35795K(36096K)->35795K(36096K) NonClass: 31536K(31680K)->31536K(31680K) Class: 4258K(4416K)->4258K(4416K)
[2023-06-26T23:15:37.437-0500][2.963s] GC(5) Pause Young (Concurrent Start) (Metadata GC Threshold) 197M->30M(512M) 4.900ms
[2023-06-26T23:15:37.437-0500][2.963s] GC(5) User=0.00s Sys=0.00s Real=0.01s
[2023-06-26T23:15:37.437-0500][2.963s] GC(6) Concurrent Mark Cycle
[2023-06-26T23:15:37.437-0500][2.963s] GC(6) Concurrent Clear Claimed Marks
[2023-06-26T23:15:37.437-0500][2.963s] GC(6) Concurrent Clear Claimed Marks 0.027ms
[2023-06-26T23:15:37.437-0500][2.963s] GC(6) Concurrent Scan Root Regions
[2023-06-26T23:15:37.439-0500][2.965s] GC(6) Concurrent Scan Root Regions 2.238ms
[2023-06-26T23:15:37.439-0500][2.965s] GC(6) Concurrent Mark
[2023-06-26T23:15:37.439-0500][2.965s] GC(6) Concurrent Mark From Roots
[2023-06-26T23:15:37.439-0500][2.965s] GC(6) Using 3 workers of 3 for marking
[2023-06-26T23:15:37.443-0500][2.969s] GC(6) Concurrent Mark From Roots 4.091ms
[2023-06-26T23:15:37.444-0500][2.969s] GC(6) Concurrent Preclean
[2023-06-26T23:15:37.444-0500][2.970s] GC(6) Concurrent Preclean 0.092ms
[2023-06-26T23:15:37.444-0500][2.970s] GC(6) Pause Remark
[2023-06-26T23:15:37.445-0500][2.971s] GC(6) Pause Remark 31M->31M(512M) 1.170ms
[2023-06-26T23:15:37.445-0500][2.971s] GC(6) User=0.00s Sys=0.00s Real=0.00s
[2023-06-26T23:15:37.445-0500][2.971s] GC(6) Concurrent Mark 5.651ms
[2023-06-26T23:15:37.445-0500][2.971s] GC(6) Concurrent Rebuild Remembered Sets
[2023-06-26T23:15:37.447-0500][2.973s] GC(6) Concurrent Rebuild Remembered Sets 2.338ms
[2023-06-26T23:15:37.448-0500][2.973s] GC(6) Pause Cleanup
[2023-06-26T23:15:37.448-0500][2.973s] GC(6) Pause Cleanup 32M->32M(512M) 0.074ms
[2023-06-26T23:15:37.448-0500][2.973s] GC(6) User=0.00s Sys=0.00s Real=0.00s
[2023-06-26T23:15:37.448-0500][2.973s] GC(6) Concurrent Cleanup for Next Mark
[2023-06-26T23:15:37.448-0500][2.974s] GC(6) Concurrent Cleanup for Next Mark 0.799ms
[2023-06-26T23:15:37.448-0500][2.974s] GC(6) Concurrent Mark Cycle 11.412ms
[2023-06-26T23:17:52.218-0500][137.744s] GC(7) Pause Young (Normal) (G1 Evacuation Pause)
[2023-06-26T23:17:52.218-0500][137.744s] GC(7) Using 10 workers of 10 for evacuation
[2023-06-26T23:17:52.226-0500][137.752s] GC(7)   Pre Evacuate Collection Set: 0.0ms
[2023-06-26T23:17:52.226-0500][137.752s] GC(7)   Merge Heap Roots: 0.0ms
[2023-06-26T23:17:52.226-0500][137.752s] GC(7)   Evacuate Collection Set: 6.7ms
[2023-06-26T23:17:52.226-0500][137.752s] GC(7)   Post Evacuate Collection Set: 0.8ms
[2023-06-26T23:17:52.226-0500][137.752s] GC(7)   Other: 0.1ms
[2023-06-26T23:17:52.226-0500][137.752s] GC(7) Eden regions: 288->0(277)
[2023-06-26T23:17:52.226-0500][137.752s] GC(7) Survivor regions: 19->30(39)
[2023-06-26T23:17:52.226-0500][137.752s] GC(7) Old regions: 8->8
[2023-06-26T23:17:52.226-0500][137.752s] GC(7) Archive regions: 0->0
[2023-06-26T23:17:52.226-0500][137.752s] GC(7) Humongous regions: 4->4
[2023-06-26T23:17:52.226-0500][137.752s] GC(7) Metaspace: 52700K(53248K)->52700K(53248K) NonClass: 46141K(46400K)->46141K(46400K) Class: 6559K(6848K)->6559K(6848K)
[2023-06-26T23:17:52.226-0500][137.752s] GC(7) Pause Young (Normal) (G1 Evacuation Pause) 318M->41M(512M) 7.889ms
[2023-06-26T23:17:52.226-0500][137.752s] GC(7) User=0.00s Sys=0.00s Real=0.01s
[2023-06-26T23:21:06.759-0500][332.285s] GC(8) Pause Young (Normal) (G1 Evacuation Pause)
[2023-06-26T23:21:06.759-0500][332.285s] GC(8) Using 10 workers of 10 for evacuation
[2023-06-26T23:21:06.768-0500][332.294s] GC(8)   Pre Evacuate Collection Set: 0.1ms
[2023-06-26T23:21:06.768-0500][332.294s] GC(8)   Merge Heap Roots: 0.1ms
[2023-06-26T23:21:06.768-0500][332.294s] GC(8)   Evacuate Collection Set: 7.4ms
[2023-06-26T23:21:06.768-0500][332.294s] GC(8)   Post Evacuate Collection Set: 0.9ms
[2023-06-26T23:21:06.768-0500][332.294s] GC(8)   Other: 0.1ms
[2023-06-26T23:21:06.768-0500][332.294s] GC(8) Eden regions: 277->0(282)
[2023-06-26T23:21:06.768-0500][332.294s] GC(8) Survivor regions: 30->25(39)
[2023-06-26T23:21:06.768-0500][332.294s] GC(8) Old regions: 8->19
[2023-06-26T23:21:06.768-0500][332.294s] GC(8) Archive regions: 0->0
[2023-06-26T23:21:06.768-0500][332.294s] GC(8) Humongous regions: 4->4
[2023-06-26T23:21:06.768-0500][332.294s] GC(8) Metaspace: 53304K(53824K)->53304K(53824K) NonClass: 46730K(46976K)->46730K(46976K) Class: 6573K(6848K)->6573K(6848K)
[2023-06-26T23:21:06.768-0500][332.294s] GC(8) Pause Young (Normal) (G1 Evacuation Pause) 318M->46M(512M) 8.720ms
[2023-06-26T23:21:06.768-0500][332.294s] GC(8) User=0.00s Sys=0.00s Real=0.01s
[2023-06-26T23:25:11.468-0500][576.994s] Heap
[2023-06-26T23:25:11.468-0500][576.994s]  garbage-first heap   total 524288K, used 239375K [0x00000000e0000000, 0x0000000100000000)
[2023-06-26T23:25:11.468-0500][576.995s]   region size 1024K, 213 young (218112K), 25 survivors (25600K)
[2023-06-26T23:25:11.468-0500][576.995s]  Metaspace       used 53787K, committed 54272K, reserved 1097728K
[2023-06-26T23:25:11.468-0500][576.995s]   class space    used 6611K, committed 6848K, reserved 1048576K
