[2023-06-27T14:44:59.182-0500][0.029s] Using G1
[2023-06-27T14:44:59.311-0500][0.158s] Version: 17.0.7+8-LTS-224 (release)
[2023-06-27T14:44:59.311-0500][0.158s] CPUs: 8 total, 8 available
[2023-06-27T14:44:59.311-0500][0.158s] Memory: 16328M
[2023-06-27T14:44:59.311-0500][0.158s] Large Page Support: Disabled
[2023-06-27T14:44:59.311-0500][0.158s] NUMA Support: Disabled
[2023-06-27T14:44:59.311-0500][0.158s] Compressed Oops: Enabled (32-bit)
[2023-06-27T14:44:59.312-0500][0.158s] Heap Region Size: 1M
[2023-06-27T14:44:59.312-0500][0.158s] Heap Min Capacity: 512M
[2023-06-27T14:44:59.312-0500][0.158s] Heap Initial Capacity: 512M
[2023-06-27T14:44:59.312-0500][0.158s] Heap Max Capacity: 512M
[2023-06-27T14:44:59.312-0500][0.158s] Pre-touch: Enabled
[2023-06-27T14:44:59.312-0500][0.158s] Parallel Workers: 8
[2023-06-27T14:44:59.312-0500][0.158s] Concurrent Workers: 2
[2023-06-27T14:44:59.312-0500][0.158s] Concurrent Refinement Workers: 8
[2023-06-27T14:44:59.312-0500][0.158s] Periodic GC: Disabled
[2023-06-27T14:44:59.313-0500][0.159s] CDS archive(s) mapped at: [0x0000000800000000-0x0000000800bd0000-0x0000000800bd0000), size 12386304, SharedBaseAddress: 0x0000000800000000, ArchiveRelocationMode: 0.
[2023-06-27T14:44:59.313-0500][0.159s] Compressed class space mapped at: 0x0000000800c00000-0x0000000840c00000, reserved size: 1073741824
[2023-06-27T14:44:59.313-0500][0.159s] Narrow klass base: 0x0000000800000000, Narrow klass shift: 0, Narrow klass range: 0x100000000
[2023-06-27T14:45:02.127-0500][2.974s] GC(0) Pause Young (Normal) (G1 Evacuation Pause)
[2023-06-27T14:45:02.127-0500][2.974s] GC(0) Using 8 workers of 8 for evacuation
[2023-06-27T14:45:02.130-0500][2.977s] GC(0)   Pre Evacuate Collection Set: 0.1ms
[2023-06-27T14:45:02.130-0500][2.977s] GC(0)   Merge Heap Roots: 0.0ms
[2023-06-27T14:45:02.130-0500][2.977s] GC(0)   Evacuate Collection Set: 2.5ms
[2023-06-27T14:45:02.130-0500][2.977s] GC(0)   Post Evacuate Collection Set: 0.4ms
[2023-06-27T14:45:02.130-0500][2.977s] GC(0)   Other: 0.8ms
[2023-06-27T14:45:02.131-0500][2.977s] GC(0) Eden regions: 29->0(40)
[2023-06-27T14:45:02.131-0500][2.977s] GC(0) Survivor regions: 0->4(4)
[2023-06-27T14:45:02.131-0500][2.977s] GC(0) Old regions: 0->1
[2023-06-27T14:45:02.131-0500][2.978s] GC(0) Archive regions: 0->0
[2023-06-27T14:45:02.131-0500][2.978s] GC(0) Humongous regions: 0->0
[2023-06-27T14:45:02.131-0500][2.978s] GC(0) Metaspace: 8748K(9024K)->8748K(9024K) NonClass: 7730K(7872K)->7730K(7872K) Class: 1018K(1152K)->1018K(1152K)
[2023-06-27T14:45:02.131-0500][2.978s] GC(0) Pause Young (Normal) (G1 Evacuation Pause) 29M->4M(512M) 4.059ms
[2023-06-27T14:45:02.131-0500][2.978s] GC(0) User=0.00s Sys=0.00s Real=0.00s
[2023-06-27T14:45:02.959-0500][3.806s] GC(1) Pause Young (Normal) (G1 Evacuation Pause)
[2023-06-27T14:45:02.959-0500][3.806s] GC(1) Using 8 workers of 8 for evacuation
[2023-06-27T14:45:02.965-0500][3.812s] GC(1)   Pre Evacuate Collection Set: 0.0ms
[2023-06-27T14:45:02.965-0500][3.812s] GC(1)   Merge Heap Roots: 0.0ms
[2023-06-27T14:45:02.965-0500][3.812s] GC(1)   Evacuate Collection Set: 5.5ms
[2023-06-27T14:45:02.965-0500][3.812s] GC(1)   Post Evacuate Collection Set: 0.6ms
[2023-06-27T14:45:02.965-0500][3.812s] GC(1)   Other: 0.1ms
[2023-06-27T14:45:02.965-0500][3.812s] GC(1) Eden regions: 40->0(79)
[2023-06-27T14:45:02.965-0500][3.812s] GC(1) Survivor regions: 4->6(6)
[2023-06-27T14:45:02.965-0500][3.812s] GC(1) Old regions: 1->9
[2023-06-27T14:45:02.965-0500][3.812s] GC(1) Archive regions: 0->0
[2023-06-27T14:45:02.966-0500][3.812s] GC(1) Humongous regions: 4->4
[2023-06-27T14:45:02.966-0500][3.812s] GC(1) Metaspace: 18224K(18496K)->18224K(18496K) NonClass: 16089K(16192K)->16089K(16192K) Class: 2134K(2304K)->2134K(2304K)
[2023-06-27T14:45:02.966-0500][3.812s] GC(1) Pause Young (Normal) (G1 Evacuation Pause) 48M->18M(512M) 6.542ms
[2023-06-27T14:45:02.966-0500][3.812s] GC(1) User=0.11s Sys=0.00s Real=0.01s
[2023-06-27T14:45:03.528-0500][4.375s] GC(2) Pause Young (Normal) (G1 Evacuation Pause)
[2023-06-27T14:45:03.528-0500][4.375s] GC(2) Using 8 workers of 8 for evacuation
[2023-06-27T14:45:03.532-0500][4.378s] GC(2)   Pre Evacuate Collection Set: 0.1ms
[2023-06-27T14:45:03.532-0500][4.378s] GC(2)   Merge Heap Roots: 0.0ms
[2023-06-27T14:45:03.532-0500][4.378s] GC(2)   Evacuate Collection Set: 2.6ms
[2023-06-27T14:45:03.532-0500][4.378s] GC(2)   Post Evacuate Collection Set: 0.3ms
[2023-06-27T14:45:03.532-0500][4.378s] GC(2)   Other: 0.3ms
[2023-06-27T14:45:03.532-0500][4.378s] GC(2) Eden regions: 75->0(302)
[2023-06-27T14:45:03.532-0500][4.378s] GC(2) Survivor regions: 6->5(11)
[2023-06-27T14:45:03.532-0500][4.378s] GC(2) Old regions: 9->15
[2023-06-27T14:45:03.532-0500][4.378s] GC(2) Archive regions: 0->0
[2023-06-27T14:45:03.532-0500][4.378s] GC(2) Humongous regions: 4->4
[2023-06-27T14:45:03.532-0500][4.378s] GC(2) Metaspace: 18568K(18880K)->18568K(18880K) NonClass: 16414K(16576K)->16414K(16576K) Class: 2153K(2304K)->2153K(2304K)
[2023-06-27T14:45:03.532-0500][4.378s] GC(2) Pause Young (Normal) (G1 Evacuation Pause) 93M->23M(512M) 3.490ms
[2023-06-27T14:45:03.532-0500][4.378s] GC(2) User=0.00s Sys=0.00s Real=0.00s
[2023-06-27T14:45:03.930-0500][4.776s] GC(3) Pause Young (Concurrent Start) (Metadata GC Threshold)
[2023-06-27T14:45:03.930-0500][4.776s] GC(3) Using 8 workers of 8 for evacuation
[2023-06-27T14:45:03.932-0500][4.778s] GC(3)   Pre Evacuate Collection Set: 0.1ms
[2023-06-27T14:45:03.932-0500][4.778s] GC(3)   Merge Heap Roots: 0.1ms
[2023-06-27T14:45:03.932-0500][4.778s] GC(3)   Evacuate Collection Set: 1.1ms
[2023-06-27T14:45:03.932-0500][4.778s] GC(3)   Post Evacuate Collection Set: 0.5ms
[2023-06-27T14:45:03.932-0500][4.778s] GC(3)   Other: 0.2ms
[2023-06-27T14:45:03.932-0500][4.778s] GC(3) Eden regions: 20->0(302)
[2023-06-27T14:45:03.932-0500][4.778s] GC(3) Survivor regions: 5->5(39)
[2023-06-27T14:45:03.932-0500][4.778s] GC(3) Old regions: 15->15
[2023-06-27T14:45:03.932-0500][4.778s] GC(3) Archive regions: 0->0
[2023-06-27T14:45:03.932-0500][4.778s] GC(3) Humongous regions: 4->4
[2023-06-27T14:45:03.932-0500][4.778s] GC(3) Metaspace: 21225K(21504K)->21225K(21504K) NonClass: 18763K(18880K)->18763K(18880K) Class: 2461K(2624K)->2461K(2624K)
[2023-06-27T14:45:03.932-0500][4.778s] GC(3) Pause Young (Concurrent Start) (Metadata GC Threshold) 42M->23M(512M) 2.161ms
[2023-06-27T14:45:03.932-0500][4.778s] GC(3) User=0.00s Sys=0.00s Real=0.00s
[2023-06-27T14:45:03.932-0500][4.778s] GC(4) Concurrent Mark Cycle
[2023-06-27T14:45:03.932-0500][4.778s] GC(4) Concurrent Clear Claimed Marks
[2023-06-27T14:45:03.932-0500][4.778s] GC(4) Concurrent Clear Claimed Marks 0.021ms
[2023-06-27T14:45:03.932-0500][4.778s] GC(4) Concurrent Scan Root Regions
[2023-06-27T14:45:03.933-0500][4.779s] GC(4) Concurrent Scan Root Regions 0.811ms
[2023-06-27T14:45:03.933-0500][4.779s] GC(4) Concurrent Mark
[2023-06-27T14:45:03.933-0500][4.779s] GC(4) Concurrent Mark From Roots
[2023-06-27T14:45:03.933-0500][4.779s] GC(4) Using 2 workers of 2 for marking
[2023-06-27T14:45:03.942-0500][4.788s] GC(4) Concurrent Mark From Roots 8.882ms
[2023-06-27T14:45:03.942-0500][4.788s] GC(4) Concurrent Preclean
[2023-06-27T14:45:03.942-0500][4.788s] GC(4) Concurrent Preclean 0.051ms
[2023-06-27T14:45:03.942-0500][4.788s] GC(4) Pause Remark
[2023-06-27T14:45:03.943-0500][4.789s] GC(4) Pause Remark 24M->24M(512M) 1.146ms
[2023-06-27T14:45:03.943-0500][4.789s] GC(4) User=0.00s Sys=0.00s Real=0.00s
[2023-06-27T14:45:03.943-0500][4.790s] GC(4) Concurrent Mark 10.494ms
[2023-06-27T14:45:03.943-0500][4.790s] GC(4) Concurrent Rebuild Remembered Sets
[2023-06-27T14:45:03.948-0500][4.794s] GC(4) Concurrent Rebuild Remembered Sets 4.252ms
[2023-06-27T14:45:03.948-0500][4.794s] GC(4) Pause Cleanup
[2023-06-27T14:45:03.948-0500][4.794s] GC(4) Pause Cleanup 24M->24M(512M) 0.149ms
[2023-06-27T14:45:03.948-0500][4.794s] GC(4) User=0.00s Sys=0.00s Real=0.00s
[2023-06-27T14:45:03.948-0500][4.794s] GC(4) Concurrent Cleanup for Next Mark
[2023-06-27T14:45:03.949-0500][4.795s] GC(4) Concurrent Cleanup for Next Mark 0.799ms
[2023-06-27T14:45:03.949-0500][4.795s] GC(4) Concurrent Mark Cycle 16.923ms
[2023-06-27T14:45:05.424-0500][6.270s] GC(5) Pause Young (Concurrent Start) (Metadata GC Threshold)
[2023-06-27T14:45:05.424-0500][6.270s] GC(5) Using 8 workers of 8 for evacuation
[2023-06-27T14:45:05.430-0500][6.276s] GC(5)   Pre Evacuate Collection Set: 0.1ms
[2023-06-27T14:45:05.430-0500][6.276s] GC(5)   Merge Heap Roots: 0.1ms
[2023-06-27T14:45:05.430-0500][6.276s] GC(5)   Evacuate Collection Set: 4.8ms
[2023-06-27T14:45:05.430-0500][6.276s] GC(5)   Post Evacuate Collection Set: 0.6ms
[2023-06-27T14:45:05.430-0500][6.276s] GC(5)   Other: 0.1ms
[2023-06-27T14:45:05.430-0500][6.276s] GC(5) Eden regions: 129->0(296)
[2023-06-27T14:45:05.430-0500][6.276s] GC(5) Survivor regions: 5->11(39)
[2023-06-27T14:45:05.430-0500][6.276s] GC(5) Old regions: 15->15
[2023-06-27T14:45:05.430-0500][6.276s] GC(5) Archive regions: 0->0
[2023-06-27T14:45:05.430-0500][6.276s] GC(5) Humongous regions: 5->4
[2023-06-27T14:45:05.430-0500][6.276s] GC(5) Metaspace: 35870K(36160K)->35870K(36160K) NonClass: 31601K(31744K)->31601K(31744K) Class: 4268K(4416K)->4268K(4416K)
[2023-06-27T14:45:05.430-0500][6.276s] GC(5) Pause Young (Concurrent Start) (Metadata GC Threshold) 152M->29M(512M) 5.919ms
[2023-06-27T14:45:05.430-0500][6.276s] GC(5) User=0.00s Sys=0.00s Real=0.01s
[2023-06-27T14:45:05.430-0500][6.276s] GC(6) Concurrent Mark Cycle
[2023-06-27T14:45:05.430-0500][6.276s] GC(6) Concurrent Clear Claimed Marks
[2023-06-27T14:45:05.430-0500][6.276s] GC(6) Concurrent Clear Claimed Marks 0.024ms
[2023-06-27T14:45:05.430-0500][6.276s] GC(6) Concurrent Scan Root Regions
[2023-06-27T14:45:05.433-0500][6.279s] GC(6) Concurrent Scan Root Regions 2.475ms
[2023-06-27T14:45:05.433-0500][6.279s] GC(6) Concurrent Mark
[2023-06-27T14:45:05.433-0500][6.279s] GC(6) Concurrent Mark From Roots
[2023-06-27T14:45:05.433-0500][6.279s] GC(6) Using 2 workers of 2 for marking
[2023-06-27T14:45:05.443-0500][6.289s] GC(6) Concurrent Mark From Roots 10.342ms
[2023-06-27T14:45:05.443-0500][6.289s] GC(6) Concurrent Preclean
[2023-06-27T14:45:05.443-0500][6.289s] GC(6) Concurrent Preclean 0.061ms
[2023-06-27T14:45:05.443-0500][6.289s] GC(6) Pause Remark
[2023-06-27T14:45:05.446-0500][6.292s] GC(6) Pause Remark 31M->31M(512M) 2.933ms
[2023-06-27T14:45:05.446-0500][6.292s] GC(6) User=0.00s Sys=0.00s Real=0.00s
[2023-06-27T14:45:05.446-0500][6.292s] GC(6) Concurrent Mark 13.607ms
[2023-06-27T14:45:05.446-0500][6.293s] GC(6) Concurrent Rebuild Remembered Sets
[2023-06-27T14:45:05.451-0500][6.297s] GC(6) Concurrent Rebuild Remembered Sets 4.508ms
[2023-06-27T14:45:05.451-0500][6.297s] GC(6) Pause Cleanup
[2023-06-27T14:45:05.451-0500][6.297s] GC(6) Pause Cleanup 31M->31M(512M) 0.102ms
[2023-06-27T14:45:05.451-0500][6.297s] GC(6) User=0.00s Sys=0.00s Real=0.00s
[2023-06-27T14:45:05.451-0500][6.297s] GC(6) Concurrent Cleanup for Next Mark
[2023-06-27T14:45:05.453-0500][6.299s] GC(6) Concurrent Cleanup for Next Mark 1.229ms
[2023-06-27T14:45:05.453-0500][6.299s] GC(6) Concurrent Mark Cycle 22.427ms
[2023-06-27T14:47:26.535-0500][147.376s] GC(7) Pause Young (Normal) (G1 Evacuation Pause)
[2023-06-27T14:47:26.535-0500][147.376s] GC(7) Using 8 workers of 8 for evacuation
[2023-06-27T14:47:26.546-0500][147.387s] GC(7)   Pre Evacuate Collection Set: 0.1ms
[2023-06-27T14:47:26.547-0500][147.387s] GC(7)   Merge Heap Roots: 0.0ms
[2023-06-27T14:47:26.547-0500][147.387s] GC(7)   Evacuate Collection Set: 9.7ms
[2023-06-27T14:47:26.547-0500][147.387s] GC(7)   Post Evacuate Collection Set: 1.4ms
[2023-06-27T14:47:26.547-0500][147.388s] GC(7)   Other: 0.3ms
[2023-06-27T14:47:26.547-0500][147.388s] GC(7) Eden regions: 296->0(277)
[2023-06-27T14:47:26.547-0500][147.388s] GC(7) Survivor regions: 11->30(39)
[2023-06-27T14:47:26.547-0500][147.388s] GC(7) Old regions: 15->15
[2023-06-27T14:47:26.547-0500][147.388s] GC(7) Archive regions: 0->0
[2023-06-27T14:47:26.547-0500][147.388s] GC(7) Humongous regions: 5->4
[2023-06-27T14:47:26.547-0500][147.388s] GC(7) Metaspace: 53130K(53568K)->53130K(53568K) NonClass: 46574K(46784K)->46574K(46784K) Class: 6555K(6784K)->6555K(6784K)
[2023-06-27T14:47:26.547-0500][147.388s] GC(7) Pause Young (Normal) (G1 Evacuation Pause) 326M->48M(512M) 11.734ms
[2023-06-27T14:47:26.547-0500][147.388s] GC(7) User=0.00s Sys=0.03s Real=0.01s
