[2023-05-17T14:13:06.345-0500][0.010s] Using G1
[2023-05-17T14:13:06.448-0500][0.114s] Version: 17.0.7+8-LTS-224 (release)
[2023-05-17T14:13:06.448-0500][0.114s] CPUs: 8 total, 8 available
[2023-05-17T14:13:06.448-0500][0.114s] Memory: 16328M
[2023-05-17T14:13:06.448-0500][0.114s] Large Page Support: Disabled
[2023-05-17T14:13:06.448-0500][0.114s] NUMA Support: Disabled
[2023-05-17T14:13:06.448-0500][0.114s] Compressed Oops: Enabled (32-bit)
[2023-05-17T14:13:06.448-0500][0.114s] Heap Region Size: 1M
[2023-05-17T14:13:06.448-0500][0.114s] Heap Min Capacity: 512M
[2023-05-17T14:13:06.448-0500][0.114s] Heap Initial Capacity: 512M
[2023-05-17T14:13:06.448-0500][0.114s] Heap Max Capacity: 512M
[2023-05-17T14:13:06.448-0500][0.114s] Pre-touch: Enabled
[2023-05-17T14:13:06.449-0500][0.114s] Parallel Workers: 8
[2023-05-17T14:13:06.449-0500][0.114s] Concurrent Workers: 2
[2023-05-17T14:13:06.449-0500][0.114s] Concurrent Refinement Workers: 8
[2023-05-17T14:13:06.449-0500][0.114s] Periodic GC: Disabled
[2023-05-17T14:13:06.449-0500][0.115s] CDS archive(s) mapped at: [0x0000000800000000-0x0000000800bd0000-0x0000000800bd0000), size 12386304, SharedBaseAddress: 0x0000000800000000, ArchiveRelocationMode: 0.
[2023-05-17T14:13:06.449-0500][0.115s] Compressed class space mapped at: 0x0000000800c00000-0x0000000840c00000, reserved size: 1073741824
[2023-05-17T14:13:06.449-0500][0.115s] Narrow klass base: 0x0000000800000000, Narrow klass shift: 0, Narrow klass range: 0x100000000
[2023-05-17T14:13:07.084-0500][0.749s] GC(0) Pause Young (Normal) (G1 Evacuation Pause)
[2023-05-17T14:13:07.084-0500][0.749s] GC(0) Using 8 workers of 8 for evacuation
[2023-05-17T14:13:07.089-0500][0.754s] GC(0)   Pre Evacuate Collection Set: 0.1ms
[2023-05-17T14:13:07.089-0500][0.754s] GC(0)   Merge Heap Roots: 0.0ms
[2023-05-17T14:13:07.089-0500][0.754s] GC(0)   Evacuate Collection Set: 4.4ms
[2023-05-17T14:13:07.089-0500][0.754s] GC(0)   Post Evacuate Collection Set: 0.4ms
[2023-05-17T14:13:07.089-0500][0.754s] GC(0)   Other: 0.5ms
[2023-05-17T14:13:07.089-0500][0.754s] GC(0) Eden regions: 29->0(41)
[2023-05-17T14:13:07.089-0500][0.754s] GC(0) Survivor regions: 0->4(4)
[2023-05-17T14:13:07.089-0500][0.754s] GC(0) Old regions: 0->0
[2023-05-17T14:13:07.089-0500][0.754s] GC(0) Archive regions: 0->0
[2023-05-17T14:13:07.089-0500][0.754s] GC(0) Humongous regions: 0->0
[2023-05-17T14:13:07.089-0500][0.754s] GC(0) Metaspace: 8759K(9024K)->8759K(9024K) NonClass: 7740K(7872K)->7740K(7872K) Class: 1018K(1152K)->1018K(1152K)
[2023-05-17T14:13:07.089-0500][0.754s] GC(0) Pause Young (Normal) (G1 Evacuation Pause) 29M->4M(512M) 5.596ms
[2023-05-17T14:13:07.089-0500][0.754s] GC(0) User=0.00s Sys=0.00s Real=0.00s
[2023-05-17T14:13:07.581-0500][1.246s] GC(1) Pause Young (Normal) (G1 Evacuation Pause)
[2023-05-17T14:13:07.581-0500][1.246s] GC(1) Using 8 workers of 8 for evacuation
[2023-05-17T14:13:07.589-0500][1.255s] GC(1)   Pre Evacuate Collection Set: 0.1ms
[2023-05-17T14:13:07.590-0500][1.255s] GC(1)   Merge Heap Roots: 0.1ms
[2023-05-17T14:13:07.590-0500][1.255s] GC(1)   Evacuate Collection Set: 7.4ms
[2023-05-17T14:13:07.590-0500][1.255s] GC(1)   Post Evacuate Collection Set: 0.6ms
[2023-05-17T14:13:07.590-0500][1.255s] GC(1)   Other: 0.1ms
[2023-05-17T14:13:07.590-0500][1.255s] GC(1) Eden regions: 41->0(78)
[2023-05-17T14:13:07.590-0500][1.255s] GC(1) Survivor regions: 4->6(6)
[2023-05-17T14:13:07.590-0500][1.255s] GC(1) Old regions: 0->9
[2023-05-17T14:13:07.590-0500][1.255s] GC(1) Archive regions: 0->0
[2023-05-17T14:13:07.590-0500][1.255s] GC(1) Humongous regions: 4->4
[2023-05-17T14:13:07.590-0500][1.255s] GC(1) Metaspace: 18223K(18496K)->18223K(18496K) NonClass: 16088K(16192K)->16088K(16192K) Class: 2134K(2304K)->2134K(2304K)
[2023-05-17T14:13:07.590-0500][1.255s] GC(1) Pause Young (Normal) (G1 Evacuation Pause) 49M->18M(512M) 8.403ms
[2023-05-17T14:13:07.590-0500][1.255s] GC(1) User=0.11s Sys=0.00s Real=0.01s
[2023-05-17T14:13:07.970-0500][1.635s] GC(2) Pause Young (Normal) (G1 Evacuation Pause)
[2023-05-17T14:13:07.970-0500][1.635s] GC(2) Using 8 workers of 8 for evacuation
[2023-05-17T14:13:07.974-0500][1.639s] GC(2)   Pre Evacuate Collection Set: 0.1ms
[2023-05-17T14:13:07.974-0500][1.639s] GC(2)   Merge Heap Roots: 0.1ms
[2023-05-17T14:13:07.974-0500][1.639s] GC(2)   Evacuate Collection Set: 2.3ms
[2023-05-17T14:13:07.974-0500][1.639s] GC(2)   Post Evacuate Collection Set: 0.5ms
[2023-05-17T14:13:07.974-0500][1.639s] GC(2)   Other: 0.2ms
[2023-05-17T14:13:07.974-0500][1.639s] GC(2) Eden regions: 74->0(302)
[2023-05-17T14:13:07.974-0500][1.639s] GC(2) Survivor regions: 6->5(10)
[2023-05-17T14:13:07.974-0500][1.639s] GC(2) Old regions: 9->15
[2023-05-17T14:13:07.974-0500][1.639s] GC(2) Archive regions: 0->0
[2023-05-17T14:13:07.974-0500][1.639s] GC(2) Humongous regions: 4->4
[2023-05-17T14:13:07.974-0500][1.639s] GC(2) Metaspace: 18426K(18752K)->18426K(18752K) NonClass: 16289K(16448K)->16289K(16448K) Class: 2137K(2304K)->2137K(2304K)
[2023-05-17T14:13:07.974-0500][1.639s] GC(2) Pause Young (Normal) (G1 Evacuation Pause) 92M->23M(512M) 3.375ms
[2023-05-17T14:13:07.974-0500][1.639s] GC(2) User=0.12s Sys=0.00s Real=0.00s
[2023-05-17T14:13:08.184-0500][1.849s] GC(3) Pause Young (Concurrent Start) (Metadata GC Threshold)
[2023-05-17T14:13:08.184-0500][1.849s] GC(3) Using 8 workers of 8 for evacuation
[2023-05-17T14:13:08.186-0500][1.852s] GC(3)   Pre Evacuate Collection Set: 0.1ms
[2023-05-17T14:13:08.186-0500][1.852s] GC(3)   Merge Heap Roots: 0.1ms
[2023-05-17T14:13:08.186-0500][1.852s] GC(3)   Evacuate Collection Set: 1.4ms
[2023-05-17T14:13:08.186-0500][1.852s] GC(3)   Post Evacuate Collection Set: 0.5ms
[2023-05-17T14:13:08.186-0500][1.852s] GC(3)   Other: 0.1ms
[2023-05-17T14:13:08.186-0500][1.852s] GC(3) Eden regions: 28->0(301)
[2023-05-17T14:13:08.186-0500][1.852s] GC(3) Survivor regions: 5->6(39)
[2023-05-17T14:13:08.186-0500][1.852s] GC(3) Old regions: 15->15
[2023-05-17T14:13:08.186-0500][1.852s] GC(3) Archive regions: 0->0
[2023-05-17T14:13:08.186-0500][1.852s] GC(3) Humongous regions: 4->4
[2023-05-17T14:13:08.186-0500][1.852s] GC(3) Metaspace: 21188K(21504K)->21188K(21504K) NonClass: 18731K(18880K)->18731K(18880K) Class: 2457K(2624K)->2457K(2624K)
[2023-05-17T14:13:08.186-0500][1.852s] GC(3) Pause Young (Concurrent Start) (Metadata GC Threshold) 50M->23M(512M) 2.280ms
[2023-05-17T14:13:08.186-0500][1.852s] GC(3) User=0.00s Sys=0.00s Real=0.00s
[2023-05-17T14:13:08.186-0500][1.852s] GC(4) Concurrent Mark Cycle
[2023-05-17T14:13:08.186-0500][1.852s] GC(4) Concurrent Clear Claimed Marks
[2023-05-17T14:13:08.186-0500][1.852s] GC(4) Concurrent Clear Claimed Marks 0.029ms
[2023-05-17T14:13:08.186-0500][1.852s] GC(4) Concurrent Scan Root Regions
[2023-05-17T14:13:08.187-0500][1.853s] GC(4) Concurrent Scan Root Regions 0.914ms
[2023-05-17T14:13:08.187-0500][1.853s] GC(4) Concurrent Mark
[2023-05-17T14:13:08.187-0500][1.853s] GC(4) Concurrent Mark From Roots
[2023-05-17T14:13:08.187-0500][1.853s] GC(4) Using 2 workers of 2 for marking
[2023-05-17T14:13:08.197-0500][1.862s] GC(4) Concurrent Mark From Roots 9.371ms
[2023-05-17T14:13:08.197-0500][1.862s] GC(4) Concurrent Preclean
[2023-05-17T14:13:08.197-0500][1.862s] GC(4) Concurrent Preclean 0.053ms
[2023-05-17T14:13:08.197-0500][1.862s] GC(4) Pause Remark
[2023-05-17T14:13:08.199-0500][1.864s] GC(4) Pause Remark 24M->24M(512M) 1.592ms
[2023-05-17T14:13:08.199-0500][1.864s] GC(4) User=0.00s Sys=0.00s Real=0.00s
[2023-05-17T14:13:08.199-0500][1.864s] GC(4) Concurrent Mark 11.306ms
[2023-05-17T14:13:08.199-0500][1.864s] GC(4) Concurrent Rebuild Remembered Sets
[2023-05-17T14:13:08.203-0500][1.869s] GC(4) Concurrent Rebuild Remembered Sets 4.362ms
[2023-05-17T14:13:08.203-0500][1.869s] GC(4) Pause Cleanup
[2023-05-17T14:13:08.203-0500][1.869s] GC(4) Pause Cleanup 25M->25M(512M) 0.098ms
[2023-05-17T14:13:08.203-0500][1.869s] GC(4) User=0.00s Sys=0.00s Real=0.00s
[2023-05-17T14:13:08.203-0500][1.869s] GC(4) Concurrent Cleanup for Next Mark
[2023-05-17T14:13:08.205-0500][1.870s] GC(4) Concurrent Cleanup for Next Mark 1.406ms
[2023-05-17T14:13:08.205-0500][1.870s] GC(4) Concurrent Mark Cycle 18.602ms
[2023-05-17T14:13:09.206-0500][2.870s] GC(5) Pause Young (Concurrent Start) (Metadata GC Threshold)
[2023-05-17T14:13:09.206-0500][2.871s] GC(5) Using 8 workers of 8 for evacuation
[2023-05-17T14:13:09.212-0500][2.877s] GC(5)   Pre Evacuate Collection Set: 0.1ms
[2023-05-17T14:13:09.212-0500][2.877s] GC(5)   Merge Heap Roots: 0.0ms
[2023-05-17T14:13:09.212-0500][2.877s] GC(5)   Evacuate Collection Set: 5.4ms
[2023-05-17T14:13:09.212-0500][2.877s] GC(5)   Post Evacuate Collection Set: 0.8ms
[2023-05-17T14:13:09.212-0500][2.877s] GC(5)   Other: 0.2ms
[2023-05-17T14:13:09.212-0500][2.877s] GC(5) Eden regions: 105->0(295)
[2023-05-17T14:13:09.212-0500][2.877s] GC(5) Survivor regions: 6->12(39)
[2023-05-17T14:13:09.212-0500][2.877s] GC(5) Old regions: 15->15
[2023-05-17T14:13:09.212-0500][2.877s] GC(5) Archive regions: 0->0
[2023-05-17T14:13:09.212-0500][2.877s] GC(5) Humongous regions: 5->4
[2023-05-17T14:13:09.212-0500][2.877s] GC(5) Metaspace: 35894K(36160K)->35894K(36160K) NonClass: 31623K(31744K)->31623K(31744K) Class: 4270K(4416K)->4270K(4416K)
[2023-05-17T14:13:09.212-0500][2.877s] GC(5) Pause Young (Concurrent Start) (Metadata GC Threshold) 129M->30M(512M) 6.686ms
[2023-05-17T14:13:09.212-0500][2.877s] GC(5) User=0.12s Sys=0.00s Real=0.01s
[2023-05-17T14:13:09.212-0500][2.877s] GC(6) Concurrent Mark Cycle
[2023-05-17T14:13:09.212-0500][2.877s] GC(6) Concurrent Clear Claimed Marks
[2023-05-17T14:13:09.212-0500][2.877s] GC(6) Concurrent Clear Claimed Marks 0.040ms
[2023-05-17T14:13:09.212-0500][2.877s] GC(6) Concurrent Scan Root Regions
[2023-05-17T14:13:09.215-0500][2.880s] GC(6) Concurrent Scan Root Regions 2.760ms
[2023-05-17T14:13:09.215-0500][2.880s] GC(6) Concurrent Mark
[2023-05-17T14:13:09.215-0500][2.880s] GC(6) Concurrent Mark From Roots
[2023-05-17T14:13:09.215-0500][2.880s] GC(6) Using 2 workers of 2 for marking
[2023-05-17T14:13:09.224-0500][2.890s] GC(6) Concurrent Mark From Roots 10.041ms
[2023-05-17T14:13:09.224-0500][2.890s] GC(6) Concurrent Preclean
[2023-05-17T14:13:09.224-0500][2.890s] GC(6) Concurrent Preclean 0.055ms
[2023-05-17T14:13:09.225-0500][2.891s] GC(6) Pause Remark
[2023-05-17T14:13:09.227-0500][2.893s] GC(6) Pause Remark 32M->32M(512M) 1.635ms
[2023-05-17T14:13:09.227-0500][2.893s] GC(6) User=0.00s Sys=0.00s Real=0.00s
[2023-05-17T14:13:09.227-0500][2.893s] GC(6) Concurrent Mark 12.666ms
[2023-05-17T14:13:09.227-0500][2.893s] GC(6) Concurrent Rebuild Remembered Sets
[2023-05-17T14:13:09.231-0500][2.897s] GC(6) Concurrent Rebuild Remembered Sets 4.186ms
[2023-05-17T14:13:09.231-0500][2.897s] GC(6) Pause Cleanup
[2023-05-17T14:13:09.231-0500][2.897s] GC(6) Pause Cleanup 33M->33M(512M) 0.096ms
[2023-05-17T14:13:09.231-0500][2.897s] GC(6) User=0.00s Sys=0.00s Real=0.00s
[2023-05-17T14:13:09.231-0500][2.897s] GC(6) Concurrent Cleanup for Next Mark
[2023-05-17T14:13:09.232-0500][2.898s] GC(6) Concurrent Cleanup for Next Mark 0.963ms
[2023-05-17T14:13:09.232-0500][2.898s] GC(6) Concurrent Mark Cycle 21.073ms
[2023-05-17T14:15:55.501-0500][169.163s] Heap
[2023-05-17T14:15:55.501-0500][169.163s]  garbage-first heap   total 524288K, used 231979K [0x00000000e0000000, 0x0000000100000000)
[2023-05-17T14:15:55.501-0500][169.163s]   region size 1024K, 209 young (214016K), 12 survivors (12288K)
[2023-05-17T14:15:55.501-0500][169.163s]  Metaspace       used 53026K, committed 53504K, reserved 1097728K
[2023-05-17T14:15:55.501-0500][169.163s]   class space    used 6591K, committed 6848K, reserved 1048576K
